[   53.296160] snd_hda_codec_alc882 hdaudioC1D0: ALCS1200A: SKU not ready 0x00000000
[   53.296659] snd_hda_codec_alc882 hdaudioC1D0: autoconfig for ALCS1200A: line_outs=3 (0x14/0x15/0x16/0x0/0x0) type:line
[   53.296664] snd_hda_codec_alc882 hdaudioC1D0:    speaker_outs=0 (0x0/0x0/0x0/0x0/0x0)
[   53.296668] snd_hda_codec_alc882 hdaudioC1D0:    hp_outs=1 (0x1b/0x0/0x0/0x0/0x0)
[   53.296671] snd_hda_codec_alc882 hdaudioC1D0:    mono: mono_out=0x0
[   53.296674] snd_hda_codec_alc882 hdaudioC1D0:    dig-out=0x1e/0x0
[   53.296676] snd_hda_codec_alc882 hdaudioC1D0:    inputs:
[   53.296679] snd_hda_codec_alc882 hdaudioC1D0:      Rear Mic=0x18
[   53.296682] snd_hda_codec_alc882 hdaudioC1D0:      Front Mic=0x19
[   53.296685] snd_hda_codec_alc882 hdaudioC1D0:      Line=0x1a
[   53.302014] mt7921e 0000:05:00.0: enabling device (0000 -> 0002)
[   53.306593] amd_atl: AMD Address Translation Library initialized
[   53.309616] input: HD-Audio Generic Rear Mic as /devices/pci0000:00/0000:00:08.1/0000:09:00.4/sound/card1/input27
[   53.309705] input: HD-Audio Generic Front Mic as /devices/pci0000:00/0000:00:08.1/0000:09:00.4/sound/card1/input28
[   53.309765] input: HD-Audio Generic Line as /devices/pci0000:00/0000:00:08.1/0000:09:00.4/sound/card1/input29
[   53.309823] input: HD-Audio Generic Line Out Front as /devices/pci0000:00/0000:00:08.1/0000:09:00.4/sound/card1/input30
[   53.309879] input: HD-Audio Generic Line Out Surround as /devices/pci0000:00/0000:00:08.1/0000:09:00.4/sound/card1/input31
[   53.309931] input: HD-Audio Generic Line Out CLFE as /devices/pci0000:00/0000:00:08.1/0000:09:00.4/sound/card1/input32
[   53.309991] input: HD-Audio Generic Front Headphone as /devices/pci0000:00/0000:00:08.1/0000:09:00.4/sound/card1/input33
[   53.329285] mt7921e 0000:05:00.0: ASIC revision: 79610010
[   53.408990] Bluetooth: hci0: Device setup in 236892 usecs
[   53.408994] Bluetooth: hci0: HCI Enhanced Setup Synchronous Connection command is advertised, but not supported.
[   53.425677] mt7921e 0000:05:00.0: HW/SW Version: 0x8a108a10, Build Time: 20260224110909a
[   53.437103] mt7921e 0000:05:00.0: WM Firmware Version: ____010000, Build Time: 20260224110949
[   53.444261] Realtek Internal NBASE-T PHY r8169-0-600:00: attached PHY driver (mii_bus:phy_addr=r8169-0-600:00, irq=MAC)
[   53.588175] usbcore: registered new interface driver snd-usb-audio
[   53.602322] r8169 0000:06:00.0 enp6s0: Link is Down
[   53.688732] Bluetooth: hci0: AOSP extensions version v1.00
[   53.688736] Bluetooth: hci0: AOSP quality report is supported
[   56.286882] NET: Registered PF_ALG protocol family
[   56.476729] kauditd_printk_skb: 139 callbacks suppressed
[   56.476732] audit: type=1130 audit(1789837693.396:91): pid=1 uid=0 auid=4294967295 ses=4294967295 msg='unit=iwd comm="systemd" exe="/usr/lib/systemd/systemd" hostname=? addr=? terminal=? res=success'
[   56.524512] NET: Registered PF_QIPCRTR protocol family
[   56.525638] audit: type=1130 audit(1789837693.445:92): pid=1 uid=0 auid=4294967295 ses=4294967295 msg='unit=ModemManager comm="systemd" exe="/usr/lib/systemd/systemd" hostname=? addr=? terminal=? res=success'
[   56.537581] audit: type=1130 audit(1789837693.457:93): pid=1 uid=0 auid=4294967295 ses=4294967295 msg='unit=systemd-user-sessions comm="systemd" exe="/usr/lib/systemd/systemd" hostname=? addr=? terminal=? res=success'
[   56.538717] r8169 0000:06:00.0 enp6s0: Link is Up - 1Gbps/Full - flow control rx/tx
[   56.539309] audit: type=1130 audit(1789837693.459:94): pid=1 uid=0 auid=4294967295 ses=4294967295 msg='unit=getty@tty1 comm="systemd" exe="/usr/lib/systemd/systemd" hostname=? addr=? terminal=? res=success'
[   56.614528] audit: type=1130 audit(1789837693.534:95): pid=1 uid=0 auid=4294967295 ses=4294967295 msg='unit=sshd comm="systemd" exe="/usr/lib/systemd/systemd" hostname=? addr=? terminal=? res=success'
[   59.265718] audit: type=1131 audit(1789837696.185:96): pid=1 uid=0 auid=4294967295 ses=4294967295 msg='unit=systemd-rfkill comm="systemd" exe="/usr/lib/systemd/systemd" hostname=? addr=? terminal=? res=success'
[   61.708327] audit: type=1101 audit(1789837698.628:97): pid=1051 uid=0 auid=4294967295 ses=4294967295 msg='op=PAM:accounting grantors=pam_access,pam_unix,pam_permit,pam_time acct="root" exe="/usr/bin/login" hostname=archiso addr=? terminal=/dev/tty1 res=success'
[   61.723249] audit: type=1103 audit(1789837698.642:98): pid=1051 uid=0 auid=4294967295 ses=4294967295 msg='op=PAM:setcred grantors=pam_shells,pam_faillock,pam_permit,pam_env,pam_faillock acct="root" exe="/usr/bin/login" hostname=archiso addr=? terminal=/dev/tty1 res=success'
[   61.723299] audit: type=1006 audit(1789837698.643:99): pid=1051 uid=0 old-auid=4294967295 auid=0 tty=tty1 old-ses=4294967295 ses=1 res=1
[   61.723302] audit: type=1300 audit(1789837698.643:99): arch=c000003e syscall=1 success=yes exit=1 a0=3 a1=7ffcabe33640 a2=1 a3=0 items=0 ppid=1 pid=1051 auid=0 uid=0 gid=0 euid=0 suid=0 fsuid=0 egid=0 sgid=0 fsgid=0 tty=tty1 ses=1 comm="login" exe="/usr/bin/login" key=(null)
[   61.723306] audit: type=1327 audit(1789837698.643:99): proctitle=2F62696E2F6C6F67696E002D66002D2D
[   61.800908] audit: type=1130 audit(1789837698.720:100): pid=1 uid=0 auid=4294967295 ses=4294967295 msg='unit=user-runtime-dir@0 comm="systemd" exe="/usr/lib/systemd/systemd" hostname=? addr=? terminal=? res=success'
[   61.825631] audit: type=1101 audit(1789837698.745:101): pid=1077 uid=0 auid=4294967295 ses=4294967295 msg='op=PAM:accounting grantors=pam_access,pam_unix,pam_permit,pam_time acct="root" exe="/usr/lib/systemd/systemd-executor" hostname=? addr=? terminal=? res=success'
[   61.825672] audit: type=1103 audit(1789837698.745:102): pid=1077 uid=0 auid=4294967295 ses=4294967295 msg='op=PAM:setcred grantors=? acct="root" exe="/usr/lib/systemd/systemd-executor" hostname=? addr=? terminal=? res=failed'
[   61.825734] audit: type=1006 audit(1789837698.745:103): pid=1077 uid=0 old-auid=4294967295 auid=0 tty=(none) old-ses=4294967295 ses=2 res=1
[   61.825740] audit: type=1300 audit(1789837698.745:103): arch=c000003e syscall=1 success=yes exit=1 a0=8 a1=7ffd88872350 a2=1 a3=0 items=0 ppid=1 pid=1077 auid=0 uid=0 gid=0 euid=0 suid=0 fsuid=0 egid=0 sgid=0 fsgid=0 tty=(none) ses=2 comm="(systemd)" exe="/usr/lib/systemd/systemd-executor" key=(null)
[   68.878488] kauditd_printk_skb: 95 callbacks suppressed
[   68.878491] audit: type=1334 audit(1789837705.798:138): prog-id=76 op=LOAD
[   68.878547] audit: type=1334 audit(1789837705.798:139): prog-id=77 op=LOAD
[   68.878627] audit: type=1334 audit(1789837705.798:140): prog-id=78 op=LOAD
[   68.928348] audit: type=1130 audit(1789837705.848:141): pid=1 uid=0 auid=4294967295 ses=4294967295 msg='unit=systemd-time-wait-sync comm="systemd" exe="/usr/lib/systemd/systemd" hostname=? addr=? terminal=? res=success'
[   68.935046] audit: type=1130 audit(1789837705.854:142): pid=1 uid=0 auid=4294967295 ses=4294967295 msg='unit=systemd-hostnamed comm="systemd" exe="/usr/lib/systemd/systemd" hostname=? addr=? terminal=? res=success'
[   73.362013] audit: type=1130 audit(1789837710.361:143): pid=1 uid=0 auid=4294967295 ses=4294967295 msg='unit=pacman-init comm="systemd" exe="/usr/lib/systemd/systemd" hostname=? addr=? terminal=? res=success'
[   73.886396] EXT4-fs (sda1): mounted filesystem c755cd27-d559-4e06-99d8-177e1a6b14b3 r/w with ordered data mode. Quota mode: none.
[   98.810766] audit: type=1131 audit(1789837735.907:144): pid=1 uid=0 auid=4294967295 ses=4294967295 msg='unit=systemd-hostnamed comm="systemd" exe="/usr/lib/systemd/systemd" hostname=? addr=? terminal=? res=success'
[   98.838840] audit: type=1334 audit(1789837735.936:145): prog-id=76 op=UNLOAD
[  116.077307] kvm_intel: VMX not supported by CPU 12
[  117.914770] audit: type=1116 audit(1789837755.014:146): pid=1538 uid=0 auid=0 ses=1 msg='op=adding-group acct="rdma" exe="systemd-sysusers" hostname=? addr=? terminal=? res=success'
[  117.914778] audit: type=1116 audit(1789837755.014:147): pid=1538 uid=0 auid=0 ses=1 msg='op=adding-group acct="qemu" exe="systemd-sysusers" hostname=? addr=? terminal=? res=success'
[  117.914798] audit: type=1114 audit(1789837755.014:148): pid=1538 uid=0 auid=0 ses=1 msg='op=adding-user acct="qemu" exe="systemd-sysusers" hostname=? addr=? terminal=? res=success'
[  118.168419] audit: type=1334 audit(1789837755.268:149): prog-id=79 op=LOAD
[  118.168425] audit: type=1334 audit(1789837755.268:150): prog-id=57 op=UNLOAD
[  118.169341] audit: type=1334 audit(1789837755.269:151): prog-id=80 op=LOAD
[  118.169346] audit: type=1334 audit(1789837755.269:152): prog-id=56 op=UNLOAD
[  118.169840] audit: type=1334 audit(1789837755.269:153): prog-id=81 op=LOAD
[  118.169891] audit: type=1334 audit(1789837755.269:154): prog-id=82 op=LOAD
[  118.169905] audit: type=1334 audit(1789837755.269:155): prog-id=44 op=UNLOAD
[  121.038845] VFIO - User Level meta-driver version: 0.3
[  121.134991] Console: switching to colour dummy device 80x25
[  121.448593] vfio-pci 0000:07:00.0: vgaarb: deactivate vga console
[  121.448596] vfio-pci 0000:07:00.0: vgaarb: VGA decodes changed: olddecodes=io+mem,decodes=io+mem:owns=none
[  121.576347] snd_hda_intel 0000:07:00.1: GPU sound probed, but not operational: please add a quirk to driver_denylist
[  121.898027] vfio-pci 0000:07:00.0: resetting
[  122.001898] vfio-pci 0000:07:00.0: reset done
[  122.008005] vfio-pci 0000:07:00.0: resetting
[  122.113895] vfio-pci 0000:07:00.0: reset done
[  122.517893] kvm: kvm [1809]: vcpu0, guest rIP: 0xffffffff9473d3bf Unhandled WRMSR(0xc0010007) = 0xffff
