[   54.479476] snd_hda_intel 0000:07:00.1: bound 0000:07:00.0 (ops nv50_audio_component_bind_ops [nouveau])
[   54.483674] input: HDA NVidia HDMI/DP,pcm=3 as /devices/pci0000:00/0000:00:03.1/0000:07:00.1/sound/card1/input23
[   54.483768] input: HDA NVidia HDMI/DP,pcm=7 as /devices/pci0000:00/0000:00:03.1/0000:07:00.1/sound/card1/input24
[   54.483838] input: HDA NVidia HDMI/DP,pcm=8 as /devices/pci0000:00/0000:00:03.1/0000:07:00.1/sound/card1/input25
[   54.483913] input: HDA NVidia HDMI/DP,pcm=9 as /devices/pci0000:00/0000:00:03.1/0000:07:00.1/sound/card1/input26
[   54.487347] input: HD-Audio Generic Rear Mic as /devices/pci0000:00/0000:00:08.1/0000:09:00.4/sound/card2/input27
[   54.487520] input: HD-Audio Generic Front Mic as /devices/pci0000:00/0000:00:08.1/0000:09:00.4/sound/card2/input28
[   54.487867] input: HD-Audio Generic Line as /devices/pci0000:00/0000:00:08.1/0000:09:00.4/sound/card2/input29
[   54.488032] input: HD-Audio Generic Line Out Front as /devices/pci0000:00/0000:00:08.1/0000:09:00.4/sound/card2/input30
[   54.488120] input: HD-Audio Generic Line Out Surround as /devices/pci0000:00/0000:00:08.1/0000:09:00.4/sound/card2/input31
[   54.488208] input: HD-Audio Generic Line Out CLFE as /devices/pci0000:00/0000:00:08.1/0000:09:00.4/sound/card2/input32
[   54.489923] input: HD-Audio Generic Front Headphone as /devices/pci0000:00/0000:00:08.1/0000:09:00.4/sound/card2/input33
[   54.507909] intel_rapl_common: Found RAPL domain package
[   54.507912] intel_rapl_common: Found RAPL domain core
[   54.545263] Realtek Internal NBASE-T PHY r8169-0-600:00: attached PHY driver (mii_bus:phy_addr=r8169-0-600:00, irq=MAC)
[   54.561867] mt7921e 0000:05:00.0: HW/SW Version: 0x8a108a10, Build Time: 20260224110909a
[   54.565232] amd_atl: AMD Address Translation Library initialized
[   54.573232] mt7921e 0000:05:00.0: WM Firmware Version: ____010000, Build Time: 20260224110949
[   54.612052] Bluetooth: hci0: Device setup in 205865 usecs
[   54.612056] Bluetooth: hci0: HCI Enhanced Setup Synchronous Connection command is advertised, but not supported.
[   54.684417] r8169 0000:06:00.0 enp6s0: Link is Down
[   54.732465] usbcore: registered new interface driver snd-usb-audio
[   54.888914] Bluetooth: hci0: AOSP extensions version v1.00
[   54.888918] Bluetooth: hci0: AOSP quality report is supported
[   57.403787] NET: Registered PF_ALG protocol family
[   57.473977] kauditd_printk_skb: 134 callbacks suppressed
[   57.473980] audit: type=1130 audit(1789841755.385:86): pid=1 uid=0 auid=4294967295 ses=4294967295 msg='unit=systemd-logind comm="systemd" exe="/usr/lib/systemd/systemd" hostname=? addr=? terminal=? res=success'
[   57.481481] audit: type=1130 audit(1789841755.393:87): pid=1 uid=0 auid=4294967295 ses=4294967295 msg='unit=systemd-homed comm="systemd" exe="/usr/lib/systemd/systemd" hostname=? addr=? terminal=? res=success'
[   57.481868] audit: type=1130 audit(1789841755.393:88): pid=1 uid=0 auid=4294967295 ses=4294967295 msg='unit=systemd-homed-activate comm="systemd" exe="/usr/lib/systemd/systemd" hostname=? addr=? terminal=? res=success'
[   57.495697] audit: type=1130 audit(1789841755.407:89): pid=1 uid=0 auid=4294967295 ses=4294967295 msg='unit=polkit comm="systemd" exe="/usr/lib/systemd/systemd" hostname=? addr=? terminal=? res=success'
[   57.519589] audit: type=1130 audit(1789841755.431:90): pid=1 uid=0 auid=4294967295 ses=4294967295 msg='unit=sshdgenkeys comm="systemd" exe="/usr/lib/systemd/systemd" hostname=? addr=? terminal=? res=success'
[   57.519593] audit: type=1131 audit(1789841755.431:91): pid=1 uid=0 auid=4294967295 ses=4294967295 msg='unit=sshdgenkeys comm="systemd" exe="/usr/lib/systemd/systemd" hostname=? addr=? terminal=? res=success'
[   57.548027] audit: type=1130 audit(1789841755.459:92): pid=1 uid=0 auid=4294967295 ses=4294967295 msg='unit=iwd comm="systemd" exe="/usr/lib/systemd/systemd" hostname=? addr=? terminal=? res=success'
[   57.579878] r8169 0000:06:00.0 enp6s0: Link is Up - 1Gbps/Full - flow control rx/tx
[   57.614868] audit: type=1130 audit(1789841755.526:93): pid=1 uid=0 auid=4294967295 ses=4294967295 msg='unit=systemd-user-sessions comm="systemd" exe="/usr/lib/systemd/systemd" hostname=? addr=? terminal=? res=success'
[   57.616018] audit: type=1130 audit(1789841755.527:94): pid=1 uid=0 auid=4294967295 ses=4294967295 msg='unit=getty@tty1 comm="systemd" exe="/usr/lib/systemd/systemd" hostname=? addr=? terminal=? res=success'
[   57.698018] audit: type=1130 audit(1789841755.609:95): pid=1 uid=0 auid=4294967295 ses=4294967295 msg='unit=sshd comm="systemd" exe="/usr/lib/systemd/systemd" hostname=? addr=? terminal=? res=success'
[   57.712001] NET: Registered PF_QIPCRTR protocol family
[   62.795150] kauditd_printk_skb: 2 callbacks suppressed
[   62.795153] audit: type=1101 audit(1789841760.706:98): pid=1046 uid=0 auid=4294967295 ses=4294967295 msg='op=PAM:accounting grantors=pam_access,pam_unix,pam_permit,pam_time acct="root" exe="/usr/bin/login" hostname=archiso addr=? terminal=/dev/tty1 res=success'
[   62.809987] audit: type=1103 audit(1789841760.721:99): pid=1046 uid=0 auid=4294967295 ses=4294967295 msg='op=PAM:setcred grantors=pam_shells,pam_faillock,pam_permit,pam_env,pam_faillock acct="root" exe="/usr/bin/login" hostname=archiso addr=? terminal=/dev/tty1 res=success'
[   62.810016] audit: type=1006 audit(1789841760.721:100): pid=1046 uid=0 old-auid=4294967295 auid=0 tty=tty1 old-ses=4294967295 ses=1 res=1
[   62.810020] audit: type=1300 audit(1789841760.721:100): arch=c000003e syscall=1 success=yes exit=1 a0=3 a1=7ffec6f00410 a2=1 a3=0 items=0 ppid=1 pid=1046 auid=0 uid=0 gid=0 euid=0 suid=0 fsuid=0 egid=0 sgid=0 fsgid=0 tty=tty1 ses=1 comm="login" exe="/usr/bin/login" key=(null)
[   62.810023] audit: type=1327 audit(1789841760.721:100): proctitle=2F62696E2F6C6F67696E002D66002D2D
[   62.883562] audit: type=1130 audit(1789841760.795:101): pid=1 uid=0 auid=4294967295 ses=4294967295 msg='unit=user-runtime-dir@0 comm="systemd" exe="/usr/lib/systemd/systemd" hostname=? addr=? terminal=? res=success'
[   62.908714] audit: type=1101 audit(1789841760.820:102): pid=1079 uid=0 auid=4294967295 ses=4294967295 msg='op=PAM:accounting grantors=pam_access,pam_unix,pam_permit,pam_time acct="root" exe="/usr/lib/systemd/systemd-executor" hostname=? addr=? terminal=? res=success'
[   62.908741] audit: type=1103 audit(1789841760.820:103): pid=1079 uid=0 auid=4294967295 ses=4294967295 msg='op=PAM:setcred grantors=? acct="root" exe="/usr/lib/systemd/systemd-executor" hostname=? addr=? terminal=? res=failed'
[   62.908799] audit: type=1006 audit(1789841760.820:104): pid=1079 uid=0 old-auid=4294967295 auid=0 tty=(none) old-ses=4294967295 ses=2 res=1
[   62.908804] audit: type=1300 audit(1789841760.820:104): arch=c000003e syscall=1 success=yes exit=1 a0=8 a1=7ffd872c1f40 a2=1 a3=0 items=0 ppid=1 pid=1079 auid=0 uid=0 gid=0 euid=0 suid=0 fsuid=0 egid=0 sgid=0 fsgid=0 tty=(none) ses=2 comm="(systemd)" exe="/usr/lib/systemd/systemd-executor" key=(null)
[   69.900309] kauditd_printk_skb: 95 callbacks suppressed
[   69.900313] audit: type=1334 audit(1789841767.812:139): prog-id=76 op=LOAD
[   69.900386] audit: type=1334 audit(1789841767.812:140): prog-id=77 op=LOAD
[   69.900483] audit: type=1334 audit(1789841767.812:141): prog-id=78 op=LOAD
[   69.953165] audit: type=1130 audit(1789841767.864:142): pid=1 uid=0 auid=4294967295 ses=4294967295 msg='unit=systemd-time-wait-sync comm="systemd" exe="/usr/lib/systemd/systemd" hostname=? addr=? terminal=? res=success'
[   69.956064] audit: type=1130 audit(1789841767.867:143): pid=1 uid=0 auid=4294967295 ses=4294967295 msg='unit=systemd-hostnamed comm="systemd" exe="/usr/lib/systemd/systemd" hostname=? addr=? terminal=? res=success'
[   73.681344] audit: type=1130 audit(1789841771.663:144): pid=1 uid=0 auid=4294967295 ses=4294967295 msg='unit=pacman-init comm="systemd" exe="/usr/lib/systemd/systemd" hostname=? addr=? terminal=? res=success'
[   95.118923] EXT4-fs (sda1): mounted filesystem c755cd27-d559-4e06-99d8-177e1a6b14b3 r/w with ordered data mode. Quota mode: none.
[   99.812834] audit: type=1131 audit(1789841797.903:145): pid=1 uid=0 auid=4294967295 ses=4294967295 msg='unit=systemd-hostnamed comm="systemd" exe="/usr/lib/systemd/systemd" hostname=? addr=? terminal=? res=success'
[   99.839387] audit: type=1334 audit(1789841797.930:146): prog-id=76 op=UNLOAD
[  129.026649] kvm_intel: VMX not supported by CPU 0
[  130.814598] audit: type=1116 audit(1789841828.913:147): pid=1539 uid=0 auid=0 ses=1 msg='op=adding-group acct="rdma" exe="systemd-sysusers" hostname=? addr=? terminal=? res=success'
[  130.814603] audit: type=1116 audit(1789841828.913:148): pid=1539 uid=0 auid=0 ses=1 msg='op=adding-group acct="qemu" exe="systemd-sysusers" hostname=? addr=? terminal=? res=success'
[  130.814623] audit: type=1114 audit(1789841828.913:149): pid=1539 uid=0 auid=0 ses=1 msg='op=adding-user acct="qemu" exe="systemd-sysusers" hostname=? addr=? terminal=? res=success'
[  131.066241] audit: type=1334 audit(1789841829.165:150): prog-id=79 op=LOAD
[  131.066308] audit: type=1334 audit(1789841829.165:151): prog-id=80 op=LOAD
[  131.066330] audit: type=1334 audit(1789841829.165:152): prog-id=44 op=UNLOAD
[  131.066340] audit: type=1334 audit(1789841829.165:153): prog-id=45 op=UNLOAD
[  131.067632] audit: type=1334 audit(1789841829.166:154): prog-id=81 op=LOAD
[  131.067637] audit: type=1334 audit(1789841829.166:155): prog-id=42 op=UNLOAD
[  131.068904] audit: type=1334 audit(1789841829.168:156): prog-id=82 op=LOAD
[  134.924711] VFIO - User Level meta-driver version: 0.3
[  135.013526] Console: switching to colour dummy device 80x25
[  135.323238] vfio-pci 0000:07:00.0: vgaarb: deactivate vga console
[  135.323241] vfio-pci 0000:07:00.0: vgaarb: VGA decodes changed: olddecodes=io+mem,decodes=io+mem:owns=none
[  135.400843] snd_hda_intel 0000:07:00.1: GPU sound probed, but not operational: please add a quirk to driver_denylist
[  135.737403] vfio-pci 0000:07:00.0: resetting
[  135.844424] vfio-pci 0000:07:00.0: reset done
[  135.850851] vfio-pci 0000:07:00.0: resetting
[  135.956735] vfio-pci 0000:07:00.0: reset done
[  136.363077] kvm: kvm [1825]: vcpu0, guest rIP: 0xffffffff98b3d3bf Unhandled WRMSR(0xc0010007) = 0xffff
