=== VFIO flash session 2026-09-19T17:58:10+00:00 ===
[1/6] kvm + qemu + cpio
  ok
[2/6] building the minimal VM initramfs (busybox + nvflash)
  nvflash executable check: OK (NVIDIA Firmware Update Utility (Version 5.867.0))
  ok (kernel: /run/archiso/airootfs/usr/lib/modules/7.2.2-arch1-1/vmlinuz)
[3/6] binding the GPU group to vfio-pci
  IOMMU group 16 members: 0000:07:00.0 0000:07:00.1 
  >>> the screen goes BLACK from here (the live console runs on this card) —
  >>> everything continues in /mnt/Reverse Engenering/gpu-lab/day0/vfio-flash-20260919-175810/session.log and the machine reboots itself at the end
  0000:07:00.0 -> vfio-pci
  0000:07:00.1 -> vfio-pci
  vfio node ready: /dev/vfio/16
[4/6] launching the VM with the GPU passed through (6 min max per attempt)
  attempt 1: KVM
VM exit: 0
[5/6] verdict + console tail
GPU Mode              : N/A
CEC OTA-signed Blob   : Not Present

  chip-before.rom: 999424 bytes -> returned to host
[V3] protectoff + flash + re-verify (each nvflash step gets /dev/console as its controlling terminal)
NVIDIA Firmware Update Utility (Version 5.867.0)
Copyright (C) 1993-2024, NVIDIA Corporation. All rights reserved.

Setting EEPROM protection complete.
setsid: unrecognized option: w
BusyBox v1.35.0 (2022-01-17 19:57:02 CET) multi-call binary.

Usage: setsid [-c] PROG ARGS

Run PROG in a new session. PROG will have no controlling terminal
and will not be affected by keyboard signals (^C etc).

	-c	Set controlling terminal to stdin
VM FLASH FAILED
[    7.125898] reboot: Power down
  (chip-before.rom holds a REAL chip dump — the guest ran its session)

VERDICT: FLASH FAILED — the exact nvflash error is in the tail above and in /mnt/Reverse Engenering/gpu-lab/day0/vfio-flash-20260919-175810/vm-console.log
[6/6] done — logs + chip-before.rom saved on the data drive in /mnt/Reverse Engenering/gpu-lab/day0/vfio-flash-20260919-175810
      verdict lines are in /mnt/Reverse Engenering/gpu-lab/day0/vfio-flash-20260919-175810/session.log and /mnt/Reverse Engenering/gpu-lab/day0/vfio-flash-20260919-175810/vm-console.log
rebooting now — read the verdict on the data drive after Omarchy is back
