460TRACE op=VERSION cmd=0 reply=1 version="610.57.04" rc=0
460TRACE op=OPEN fd=3 dev=/dev/nvidiactl
460TRACE op=ALLOC fd=3 dev=/dev/nvidiactl hRoot=0x00000000 hParent=0x00000000 hNew=0x00000000 hClass=0x00000000 paramsSize=120 flags=0x0 params=0000000000000000000000000000000000000000000000000000000000000000000000000000000000000000000000000000000000000000000000000000000000000000000000000000000000000000000000000000000000000000000000000000000000000000000000000000000000000000000000000000000000000000000000000000000000000000000000000000000
460TRACE op=ALLOC_RET hClass=0x00000000 hNew=0xc1d00046 status=0x00000000
460TRACE op=ALLOC fd=3 dev=/dev/nvidiactl hRoot=0xc1d00046 hParent=0xc1d00046 hNew=0x00000000 hClass=0x00000080 paramsSize=56 flags=0x0 params=0000000046 00d0c1000000000000000000000000000000000000000000000000000000000000000000
460TRACE op=ALLOC_RET hClass=0x00000080 hNew=0xa55a0030 status=0x00000000
460TRACE op=ALLOC fd=3 dev=/dev/nvidiactl hRoot=0xc1d00046 hParent=0xa55a0030 hNew=0x00000000 hClass=0x00002080 paramsSize=4 flags=0x0 params=01000000
460TRACE op=ALLOC_RET hClass=0x00002080 hNew=0xa55a0031 status=0x00000000
460TRACE op=CONTROL fd=3 dev=/dev/nvidiactl hClient=0xc1d00046 hObject=0xa55a0030 cmd=0x00800101 flags=0x0 paramsSize=4 params=18000000
460TRACE op=CONTROL_RET cmd=0x00800101 status=0x00000000 errno=0 rc=0 params=18000000
460TRACE op=CONTROL fd=3 dev=/dev/nvidiactl hClient=0xc1d00046 hObject=0xa55a0031 cmd=0x2080206e flags=0x0 paramsSize=12 params=000000000000000000000000
460TRACE op=CONTROL_RET cmd=0x2080206e status=0x00000000 errno=0 rc=0 params=010000000100000000000000
460TRACE op=CONTROL fd=3 dev=/dev/nvidiactl hClient=0xc1d00046 hObject=0xa55a0031 cmd=0x2080d0a1 flags=0x0 paramsSize=16 params=00000000000000000000000000000000
460TRACE op=CONTROL_RET cmd=0x2080d0a1 status=0x00000000 errno=0 rc=0 params=a086010080a9030090d0030070f70300
460TRACE op=CONTROL fd=3 dev=/dev/nvidiactl hClient=0xc1d00046 hObject=0xa55a0031 cmd=0x2080d0a2 flags=0x0 paramsSize=8 params=a086010090d00300
460TRACE op=CONTROL_RET cmd=0x2080d0a2 status=0x00000000 errno=0 rc=0 params=a086010090d00300
460TRACE op=CONTROL fd=3 dev=/dev/nvidiactl hClient=0xc1d00046 hObject=0xa55a0031 cmd=0x2080d0a3 flags=0x0 paramsSize=4 params=90d00300
460TRACE op=CONTROL_RET cmd=0x2080d0a3 status=0x00000000 errno=0 rc=0 params=90d00300
460TRACE op=FREE hRoot=0xc1d00046 hObjectOld=0xa55a0031 status=0x00000000
460TRACE op=FREE hRoot=0xc1d00046 hObjectOld=0xa55a0030 status=0x00000000
460TRACE op=FREE hRoot=0x00000000 hObjectOld=0xc1d00046 status=0x00000000
