[   53.065973] snd_hda_codec_alc882 hdaudioC1D0: ALCS1200A: picked fixup  for PCI SSID 1043:8797
[   53.065976] snd_hda_codec_alc882 hdaudioC1D0: ALCS1200A: SKU not ready 0x00000000
[   53.066457] snd_hda_codec_alc882 hdaudioC1D0: autoconfig for ALCS1200A: line_outs=3 (0x14/0x15/0x16/0x0/0x0) type:line
[   53.066462] snd_hda_codec_alc882 hdaudioC1D0:    speaker_outs=0 (0x0/0x0/0x0/0x0/0x0)
[   53.066469] snd_hda_codec_alc882 hdaudioC1D0:    hp_outs=1 (0x1b/0x0/0x0/0x0/0x0)
[   53.066472] snd_hda_codec_alc882 hdaudioC1D0:    mono: mono_out=0x0
[   53.066474] snd_hda_codec_alc882 hdaudioC1D0:    dig-out=0x1e/0x0
[   53.066475] snd_hda_codec_alc882 hdaudioC1D0:    inputs:
[   53.066478] snd_hda_codec_alc882 hdaudioC1D0:      Rear Mic=0x18
[   53.066480] snd_hda_codec_alc882 hdaudioC1D0:      Front Mic=0x19
[   53.066482] snd_hda_codec_alc882 hdaudioC1D0:      Line=0x1a
[   53.079720] input: HD-Audio Generic Rear Mic as /devices/pci0000:00/0000:00:08.1/0000:09:00.4/sound/card1/input21
[   53.079783] input: HD-Audio Generic Front Mic as /devices/pci0000:00/0000:00:08.1/0000:09:00.4/sound/card1/input22
[   53.079841] input: HD-Audio Generic Line as /devices/pci0000:00/0000:00:08.1/0000:09:00.4/sound/card1/input23
[   53.079894] input: HD-Audio Generic Line Out Front as /devices/pci0000:00/0000:00:08.1/0000:09:00.4/sound/card1/input24
[   53.079953] input: HD-Audio Generic Line Out Surround as /devices/pci0000:00/0000:00:08.1/0000:09:00.4/sound/card1/input25
[   53.080006] input: HD-Audio Generic Line Out CLFE as /devices/pci0000:00/0000:00:08.1/0000:09:00.4/sound/card1/input26
[   53.080058] input: HD-Audio Generic Front Headphone as /devices/pci0000:00/0000:00:08.1/0000:09:00.4/sound/card1/input27
[   53.175230] Realtek Internal NBASE-T PHY r8169-0-600:00: attached PHY driver (mii_bus:phy_addr=r8169-0-600:00, irq=MAC)
[   53.180507] mt7921e 0000:05:00.0: HW/SW Version: 0x8a108a10, Build Time: 20260224110909a
[   53.184627] Bluetooth: hci0: Device setup in 252688 usecs
[   53.184630] Bluetooth: hci0: HCI Enhanced Setup Synchronous Connection command is advertised, but not supported.
[   53.191877] mt7921e 0000:05:00.0: WM Firmware Version: ____010000, Build Time: 20260224110949
[   53.335384] r8169 0000:06:00.0 enp6s0: Link is Down
[   53.373814] usbcore: registered new interface driver snd-usb-audio
[   53.459484] Bluetooth: hci0: AOSP extensions version v1.00
[   53.459489] Bluetooth: hci0: AOSP quality report is supported
[   56.089674] NET: Registered PF_ALG protocol family
[   56.188138] r8169 0000:06:00.0 enp6s0: Link is Up - 1Gbps/Full - flow control rx/tx
[   56.274632] kauditd_printk_skb: 136 callbacks suppressed
[   56.274635] audit: type=1130 audit(1789835670.191:88): pid=1 uid=0 auid=4294967295 ses=4294967295 msg='unit=iwd comm="systemd" exe="/usr/lib/systemd/systemd" hostname=? addr=? terminal=? res=success'
[   56.304998] audit: type=1130 audit(1789835670.221:89): pid=1 uid=0 auid=4294967295 ses=4294967295 msg='unit=systemd-user-sessions comm="systemd" exe="/usr/lib/systemd/systemd" hostname=? addr=? terminal=? res=success'
[   56.307114] audit: type=1130 audit(1789835670.223:90): pid=1 uid=0 auid=4294967295 ses=4294967295 msg='unit=getty@tty1 comm="systemd" exe="/usr/lib/systemd/systemd" hostname=? addr=? terminal=? res=success'
[   56.325994] NET: Registered PF_QIPCRTR protocol family
[   56.326965] audit: type=1130 audit(1789835670.243:91): pid=1 uid=0 auid=4294967295 ses=4294967295 msg='unit=ModemManager comm="systemd" exe="/usr/lib/systemd/systemd" hostname=? addr=? terminal=? res=success'
[   56.337402] audit: type=1130 audit(1789835670.254:92): pid=1 uid=0 auid=4294967295 ses=4294967295 msg='unit=sshdgenkeys comm="systemd" exe="/usr/lib/systemd/systemd" hostname=? addr=? terminal=? res=success'
[   56.337410] audit: type=1131 audit(1789835670.254:93): pid=1 uid=0 auid=4294967295 ses=4294967295 msg='unit=sshdgenkeys comm="systemd" exe="/usr/lib/systemd/systemd" hostname=? addr=? terminal=? res=success'
[   56.415427] audit: type=1130 audit(1789835670.332:94): pid=1 uid=0 auid=4294967295 ses=4294967295 msg='unit=sshd comm="systemd" exe="/usr/lib/systemd/systemd" hostname=? addr=? terminal=? res=success'
[   59.020067] audit: type=1131 audit(1789835672.936:95): pid=1 uid=0 auid=4294967295 ses=4294967295 msg='unit=systemd-rfkill comm="systemd" exe="/usr/lib/systemd/systemd" hostname=? addr=? terminal=? res=success'
[   61.469892] audit: type=1101 audit(1789835675.386:96): pid=1047 uid=0 auid=4294967295 ses=4294967295 msg='op=PAM:accounting grantors=pam_access,pam_unix,pam_permit,pam_time acct="root" exe="/usr/bin/login" hostname=archiso addr=? terminal=/dev/tty1 res=success'
[   61.485029] audit: type=1103 audit(1789835675.401:97): pid=1047 uid=0 auid=4294967295 ses=4294967295 msg='op=PAM:setcred grantors=pam_shells,pam_faillock,pam_permit,pam_env,pam_faillock acct="root" exe="/usr/bin/login" hostname=archiso addr=? terminal=/dev/tty1 res=success'
[   61.485059] audit: type=1006 audit(1789835675.401:98): pid=1047 uid=0 old-auid=4294967295 auid=0 tty=tty1 old-ses=4294967295 ses=1 res=1
[   61.485063] audit: type=1300 audit(1789835675.401:98): arch=c000003e syscall=1 success=yes exit=1 a0=3 a1=7ffd47797590 a2=1 a3=0 items=0 ppid=1 pid=1047 auid=0 uid=0 gid=0 euid=0 suid=0 fsuid=0 egid=0 sgid=0 fsgid=0 tty=tty1 ses=1 comm="login" exe="/usr/bin/login" key=(null)
[   61.485066] audit: type=1327 audit(1789835675.401:98): proctitle=2F62696E2F6C6F67696E002D66002D2D
[   61.552734] audit: type=1130 audit(1789835675.469:99): pid=1 uid=0 auid=4294967295 ses=4294967295 msg='unit=user-runtime-dir@0 comm="systemd" exe="/usr/lib/systemd/systemd" hostname=? addr=? terminal=? res=success'
[   61.579553] audit: type=1101 audit(1789835675.496:100): pid=1077 uid=0 auid=4294967295 ses=4294967295 msg='op=PAM:accounting grantors=pam_access,pam_unix,pam_permit,pam_time acct="root" exe="/usr/lib/systemd/systemd-executor" hostname=? addr=? terminal=? res=success'
[   61.579584] audit: type=1103 audit(1789835675.496:101): pid=1077 uid=0 auid=4294967295 ses=4294967295 msg='op=PAM:setcred grantors=? acct="root" exe="/usr/lib/systemd/systemd-executor" hostname=? addr=? terminal=? res=failed'
[   61.579629] audit: type=1006 audit(1789835675.496:102): pid=1077 uid=0 old-auid=4294967295 auid=0 tty=(none) old-ses=4294967295 ses=2 res=1
[   61.579632] audit: type=1300 audit(1789835675.496:102): arch=c000003e syscall=1 success=yes exit=1 a0=8 a1=7ffd9e34a260 a2=1 a3=0 items=0 ppid=1 pid=1077 auid=0 uid=0 gid=0 euid=0 suid=0 fsuid=0 egid=0 sgid=0 fsgid=0 tty=(none) ses=2 comm="(systemd)" exe="/usr/lib/systemd/systemd-executor" key=(null)
[   68.624155] kauditd_printk_skb: 95 callbacks suppressed
[   68.624158] audit: type=1334 audit(1789835682.540:137): prog-id=76 op=LOAD
[   68.624237] audit: type=1334 audit(1789835682.541:138): prog-id=77 op=LOAD
[   68.624306] audit: type=1334 audit(1789835682.541:139): prog-id=78 op=LOAD
[   68.665919] audit: type=1130 audit(1789835682.582:140): pid=1 uid=0 auid=4294967295 ses=4294967295 msg='unit=systemd-time-wait-sync comm="systemd" exe="/usr/lib/systemd/systemd" hostname=? addr=? terminal=? res=success'
[   68.680082] audit: type=1130 audit(1789835682.596:141): pid=1 uid=0 auid=4294967295 ses=4294967295 msg='unit=systemd-hostnamed comm="systemd" exe="/usr/lib/systemd/systemd" hostname=? addr=? terminal=? res=success'
[   73.092834] audit: type=1130 audit(1789835686.976:142): pid=1 uid=0 auid=4294967295 ses=4294967295 msg='unit=pacman-init comm="systemd" exe="/usr/lib/systemd/systemd" hostname=? addr=? terminal=? res=success'
[   73.256824] EXT4-fs (sda1): mounted filesystem c755cd27-d559-4e06-99d8-177e1a6b14b3 r/w with ordered data mode. Quota mode: none.
[   98.810432] audit: type=1131 audit(1789835712.648:143): pid=1 uid=0 auid=4294967295 ses=4294967295 msg='unit=systemd-hostnamed comm="systemd" exe="/usr/lib/systemd/systemd" hostname=? addr=? terminal=? res=success'
[   98.839155] audit: type=1334 audit(1789835712.677:144): prog-id=76 op=UNLOAD
[  111.831151] kvm_intel: VMX not supported by CPU 0
[  113.614418] audit: type=1116 audit(1789835727.451:145): pid=1538 uid=0 auid=0 ses=1 msg='op=adding-group acct="rdma" exe="systemd-sysusers" hostname=? addr=? terminal=? res=success'
[  113.614424] audit: type=1116 audit(1789835727.451:146): pid=1538 uid=0 auid=0 ses=1 msg='op=adding-group acct="qemu" exe="systemd-sysusers" hostname=? addr=? terminal=? res=success'
[  113.614441] audit: type=1114 audit(1789835727.451:147): pid=1538 uid=0 auid=0 ses=1 msg='op=adding-user acct="qemu" exe="systemd-sysusers" hostname=? addr=? terminal=? res=success'
[  113.860127] audit: type=1334 audit(1789835727.697:148): prog-id=79 op=LOAD
[  113.860133] audit: type=1334 audit(1789835727.697:149): prog-id=21 op=UNLOAD
[  113.860322] audit: type=1334 audit(1789835727.697:150): prog-id=80 op=LOAD
[  113.860328] audit: type=1334 audit(1789835727.697:151): prog-id=81 op=LOAD
[  113.860331] audit: type=1334 audit(1789835727.697:152): prog-id=22 op=UNLOAD
[  113.860334] audit: type=1334 audit(1789835727.697:153): prog-id=23 op=UNLOAD
[  113.863361] audit: type=1334 audit(1789835727.700:154): prog-id=82 op=LOAD
[  116.799594] VFIO - User Level meta-driver version: 0.3
[  116.883971] Console: switching to colour dummy device 80x25
[  117.206420] vfio-pci 0000:07:00.0: vgaarb: deactivate vga console
[  117.206423] vfio-pci 0000:07:00.0: vgaarb: VGA decodes changed: olddecodes=io+mem,decodes=io+mem:owns=none
[  117.339409] snd_hda_intel 0000:07:00.1: GPU sound probed, but not operational: please add a quirk to driver_denylist
[  117.657649] vfio-pci 0000:07:00.0: resetting
[  117.764957] vfio-pci 0000:07:00.0: reset done
[  117.773161] vfio-pci 0000:07:00.0: resetting
[  117.876959] vfio-pci 0000:07:00.0: reset done
[  118.282224] kvm: kvm [1806]: vcpu0, guest rIP: 0xffffffff8213d3bf Unhandled WRMSR(0xc0010007) = 0xffff
