=== VFIO flash session 2026-09-19T16:35:25+00:00 ===
[1/6] kvm + qemu + cpio
  ok
[2/6] building the minimal VM initramfs (busybox + nvflash)
  nvflash executable check: OK (NVIDIA Firmware Update Utility (Version 5.867.0))
  ok (kernel: /run/archiso/airootfs/usr/lib/modules/7.2.2-arch1-1/vmlinuz)
[3/6] binding the GPU group to vfio-pci
  IOMMU group 16 members: 0000:07:00.0 0000:07:00.1 
  >>> the screen goes BLACK from here (the live console runs on this card) —
  >>> everything continues in /mnt/Reverse Engenering/gpu-lab/day0/vfio-flash-20260919-163525/session.log and the machine reboots itself at the end
  0000:07:00.0 -> vfio-pci
  0000:07:00.1 -> vfio-pci
  vfio node ready: /dev/vfio/16
[4/6] launching the VM with the GPU passed through (6 min max per attempt)
  attempt 1: KVM
VM exit: 0
[5/6] verdict + console tail
WBond   W25Q16FW/JW 16384Kx1S   1.65-1.95V, 256B page,  4k blk, ID=(EF,6015)
WBond      W25Q32JW 32768Kx1S   1.65-1.95V, 256B page,  4k blk, ID=(EF,6016)
WBond      W25R64JW 65536Kx1S   1.65-1.95V, 256B page,  4k blk, ID=(EF,6017)
WBond  W25R128JWPIQ 131072Kx1S   1.65-1.95V, 256B page,  4k blk, ID=(EF,6018)
WBond     W25Q256JW 262144Kx1S   1.65-1.95V, 256B page,  4k blk, ID=(EF,6019)
WBond  W25Q16JWXHIM 16384Kx1S   1.65-1.95V, 256B page,  4k blk, ID=(EF,8015)
WBond     W25Q32JW  32768Kx1S   1.65-1.95V, 256B page,  4k blk, ID=(EF,8016)
-- Sample Usage --

  Create unlock license request file.
  > nvflash --licreq=LicenseRequest.bin USER_FW_MOD

  Install unlock license objects.
  > nvflash --wrhlk=License.hulk

  Flash tweaked firmware.
  > nvflash --license=License.hulk vbios.rom

VM FLASH FAILED
[    7.636821] reboot: Power down
  (chip-before.rom holds a REAL chip dump — the guest ran its session)

VERDICT: FLASH FAILED — the exact nvflash error is in the tail above and in /mnt/Reverse Engenering/gpu-lab/day0/vfio-flash-20260919-163525/vm-console.log
[6/6] done — logs + chip-before.rom saved on the data drive in /mnt/Reverse Engenering/gpu-lab/day0/vfio-flash-20260919-163525
      verdict lines are in /mnt/Reverse Engenering/gpu-lab/day0/vfio-flash-20260919-163525/session.log and /mnt/Reverse Engenering/gpu-lab/day0/vfio-flash-20260919-163525/vm-console.log
rebooting now — read the verdict on the data drive after Omarchy is back
