=== VFIO flash session 2026-09-19T21:06:53+00:00 ===
[1/6] kvm + qemu + cpio
  ok
[2/6] building the minimal VM initramfs (busybox + nvflash)
  nvflash executable check: OK (NVIDIA Firmware Update Utility (Version 5.867.0))
  k4 nvflash executable check: OK
  ok (kernel: /run/archiso/airootfs/usr/lib/modules/7.2.2-arch1-1/vmlinuz)
[3/6] binding the GPU group to vfio-pci
  IOMMU group 16 members: 0000:07:00.0 0000:07:00.1 
  >>> the screen goes BLACK from here (the live console runs on this card) —
  >>> everything continues in /mnt/Reverse Engenering/gpu-lab/day0/vfio-flash-20260919-210653/session.log and the machine reboots itself at the end
  0000:07:00.0 -> vfio-pci
  0000:07:00.1 -> vfio-pci
  vfio node ready: /dev/vfio/16
[4/6] launching the VM with the GPU passed through (6 min max per attempt)
  attempt 1: KVM
VM exit: 0
[5/6] verdict + console tail + guest nvflash log
                                                          PPO object is not found.
NVIDIA Firmware Update Utility (Version 5.792.0)
Copyright (C) 1993-2022, NVIDIA Corporation. All rights reserved.

Reading VBIOS image for adding Power Policy.
Command: addpp
Reading EEPROM (this operation may take up to 30 seconds)

y
                                                          PPO object is not found.
NVIDIA Firmware Update Utility (Version 5.867.0)
Copyright (C) 1993-2024, NVIDIA Corporation. All rights reserved.

Reading VBIOS image for listing power policies.
y
Reading EEPROM (this operation may take up to 30 seconds)

                                                          PPO object is not found.
VM POLICY UPDATE DONE (read the policy state above)
[   12.141553] reboot: Power down
  (chip-before.rom holds a REAL chip dump — the guest ran its session)

VERDICT: the VM did not reach the flash step — full console in /mnt/Reverse Engenering/gpu-lab/day0/vfio-flash-20260919-210653/vm-console.log
[6/6] done — logs + chip-before.rom saved on the data drive in /mnt/Reverse Engenering/gpu-lab/day0/vfio-flash-20260919-210653
      verdict lines are in /mnt/Reverse Engenering/gpu-lab/day0/vfio-flash-20260919-210653/session.log and /mnt/Reverse Engenering/gpu-lab/day0/vfio-flash-20260919-210653/vm-console.log
rebooting now — read the verdict on the data drive after Omarchy is back
