[   53.115369] snd_hda_codec_alc882 hdaudioC1D0:      Line=0x1a
[   53.128423] input: HD-Audio Generic Rear Mic as /devices/pci0000:00/0000:00:08.1/0000:09:00.4/sound/card1/input27
[   53.128497] input: HD-Audio Generic Front Mic as /devices/pci0000:00/0000:00:08.1/0000:09:00.4/sound/card1/input28
[   53.128548] input: HD-Audio Generic Line as /devices/pci0000:00/0000:00:08.1/0000:09:00.4/sound/card1/input29
[   53.128600] input: HD-Audio Generic Line Out Front as /devices/pci0000:00/0000:00:08.1/0000:09:00.4/sound/card1/input30
[   53.128656] input: HD-Audio Generic Line Out Surround as /devices/pci0000:00/0000:00:08.1/0000:09:00.4/sound/card1/input31
[   53.128707] input: HD-Audio Generic Line Out CLFE as /devices/pci0000:00/0000:00:08.1/0000:09:00.4/sound/card1/input32
[   53.128758] input: HD-Audio Generic Front Headphone as /devices/pci0000:00/0000:00:08.1/0000:09:00.4/sound/card1/input33
[   53.152118] mt7921e 0000:05:00.0: enabling device (0000 -> 0002)
[   53.152841] Bluetooth: hci0: Device setup in 228686 usecs
[   53.152845] Bluetooth: hci0: HCI Enhanced Setup Synchronous Connection command is advertised, but not supported.
[   53.153489] amd_atl: AMD Address Translation Library initialized
[   53.189282] mt7921e 0000:05:00.0: ASIC revision: 79610010
[   53.283644] mt7921e 0000:05:00.0: HW/SW Version: 0x8a108a10, Build Time: 20260224110909a
[   53.296785] mt7921e 0000:05:00.0: WM Firmware Version: ____010000, Build Time: 20260224110949
[   53.300261] Realtek Internal NBASE-T PHY r8169-0-600:00: attached PHY driver (mii_bus:phy_addr=r8169-0-600:00, irq=MAC)
[   53.333465] usbcore: registered new interface driver snd-usb-audio
[   53.430335] Bluetooth: hci0: AOSP extensions version v1.00
[   53.430339] Bluetooth: hci0: AOSP quality report is supported
[   53.460400] r8169 0000:06:00.0 enp6s0: Link is Down
[   56.108977] NET: Registered PF_ALG protocol family
[   56.250586] kauditd_printk_skb: 136 callbacks suppressed
[   56.250589] audit: type=1130 audit(1789784621.159:88): pid=1 uid=0 auid=4294967295 ses=4294967295 msg='unit=iwd comm="systemd" exe="/usr/lib/systemd/systemd" hostname=? addr=? terminal=? res=success'
[   56.267530] audit: type=1130 audit(1789784621.176:89): pid=1 uid=0 auid=4294967295 ses=4294967295 msg='unit=sshdgenkeys comm="systemd" exe="/usr/lib/systemd/systemd" hostname=? addr=? terminal=? res=success'
[   56.267535] audit: type=1131 audit(1789784621.176:90): pid=1 uid=0 auid=4294967295 ses=4294967295 msg='unit=sshdgenkeys comm="systemd" exe="/usr/lib/systemd/systemd" hostname=? addr=? terminal=? res=success'
[   56.311398] audit: type=1130 audit(1789784621.220:91): pid=1 uid=0 auid=4294967295 ses=4294967295 msg='unit=systemd-user-sessions comm="systemd" exe="/usr/lib/systemd/systemd" hostname=? addr=? terminal=? res=success'
[   56.312783] audit: type=1130 audit(1789784621.221:92): pid=1 uid=0 auid=4294967295 ses=4294967295 msg='unit=getty@tty1 comm="systemd" exe="/usr/lib/systemd/systemd" hostname=? addr=? terminal=? res=success'
[   56.343612] r8169 0000:06:00.0 enp6s0: Link is Up - 1Gbps/Full - flow control rx/tx
[   56.374836] audit: type=1130 audit(1789784621.283:93): pid=1 uid=0 auid=4294967295 ses=4294967295 msg='unit=sshd comm="systemd" exe="/usr/lib/systemd/systemd" hostname=? addr=? terminal=? res=success'
[   56.387444] NET: Registered PF_QIPCRTR protocol family
[   56.388516] audit: type=1130 audit(1789784621.297:94): pid=1 uid=0 auid=4294967295 ses=4294967295 msg='unit=ModemManager comm="systemd" exe="/usr/lib/systemd/systemd" hostname=? addr=? terminal=? res=success'
[   59.128431] audit: type=1131 audit(1789784624.037:95): pid=1 uid=0 auid=4294967295 ses=4294967295 msg='unit=systemd-rfkill comm="systemd" exe="/usr/lib/systemd/systemd" hostname=? addr=? terminal=? res=success'
[   61.495928] audit: type=1101 audit(1789784626.404:96): pid=1044 uid=0 auid=4294967295 ses=4294967295 msg='op=PAM:accounting grantors=pam_access,pam_unix,pam_permit,pam_time acct="root" exe="/usr/bin/login" hostname=archiso addr=? terminal=/dev/tty1 res=success'
[   61.510743] audit: type=1103 audit(1789784626.419:97): pid=1044 uid=0 auid=4294967295 ses=4294967295 msg='op=PAM:setcred grantors=pam_shells,pam_faillock,pam_permit,pam_env,pam_faillock acct="root" exe="/usr/bin/login" hostname=archiso addr=? terminal=/dev/tty1 res=success'
[   61.510773] audit: type=1006 audit(1789784626.419:98): pid=1044 uid=0 old-auid=4294967295 auid=0 tty=tty1 old-ses=4294967295 ses=1 res=1
[   61.510776] audit: type=1300 audit(1789784626.419:98): arch=c000003e syscall=1 success=yes exit=1 a0=3 a1=7fffc14e0890 a2=1 a3=0 items=0 ppid=1 pid=1044 auid=0 uid=0 gid=0 euid=0 suid=0 fsuid=0 egid=0 sgid=0 fsgid=0 tty=tty1 ses=1 comm="login" exe="/usr/bin/login" key=(null)
[   61.510779] audit: type=1327 audit(1789784626.419:98): proctitle=2F62696E2F6C6F67696E002D66002D2D
[   61.582962] audit: type=1130 audit(1789784626.491:99): pid=1 uid=0 auid=4294967295 ses=4294967295 msg='unit=user-runtime-dir@0 comm="systemd" exe="/usr/lib/systemd/systemd" hostname=? addr=? terminal=? res=success'
[   61.609723] audit: type=1101 audit(1789784626.518:100): pid=1076 uid=0 auid=4294967295 ses=4294967295 msg='op=PAM:accounting grantors=pam_access,pam_unix,pam_permit,pam_time acct="root" exe="/usr/lib/systemd/systemd-executor" hostname=? addr=? terminal=? res=success'
[   61.609737] audit: type=1103 audit(1789784626.518:101): pid=1076 uid=0 auid=4294967295 ses=4294967295 msg='op=PAM:setcred grantors=? acct="root" exe="/usr/lib/systemd/systemd-executor" hostname=? addr=? terminal=? res=failed'
[   61.609780] audit: type=1006 audit(1789784626.518:102): pid=1076 uid=0 old-auid=4294967295 auid=0 tty=(none) old-ses=4294967295 ses=2 res=1
[   61.609783] audit: type=1300 audit(1789784626.518:102): arch=c000003e syscall=1 success=yes exit=1 a0=8 a1=7ffcf0aaad90 a2=1 a3=0 items=0 ppid=1 pid=1076 auid=0 uid=0 gid=0 euid=0 suid=0 fsuid=0 egid=0 sgid=0 fsgid=0 tty=(none) ses=2 comm="(systemd)" exe="/usr/lib/systemd/systemd-executor" key=(null)
[   67.339165] kauditd_printk_skb: 95 callbacks suppressed
[   67.339169] audit: type=1334 audit(1789784632.247:137): prog-id=76 op=LOAD
[   67.339229] audit: type=1334 audit(1789784632.247:138): prog-id=77 op=LOAD
[   67.339304] audit: type=1334 audit(1789784632.248:139): prog-id=78 op=LOAD
[   67.384892] audit: type=1130 audit(1789784632.293:140): pid=1 uid=0 auid=4294967295 ses=4294967295 msg='unit=systemd-time-wait-sync comm="systemd" exe="/usr/lib/systemd/systemd" hostname=? addr=? terminal=? res=success'
[   67.395805] audit: type=1130 audit(1789784632.304:141): pid=1 uid=0 auid=4294967295 ses=4294967295 msg='unit=systemd-hostnamed comm="systemd" exe="/usr/lib/systemd/systemd" hostname=? addr=? terminal=? res=success'
[   71.204951] audit: type=1130 audit(1789784636.120:142): pid=1 uid=0 auid=4294967295 ses=4294967295 msg='unit=pacman-init comm="systemd" exe="/usr/lib/systemd/systemd" hostname=? addr=? terminal=? res=success'
[   84.600299] EXT4-fs (sda1): mounted filesystem c755cd27-d559-4e06-99d8-177e1a6b14b3 r/w with ordered data mode. Quota mode: none.
[   97.421853] audit: type=1131 audit(1789784662.356:143): pid=1 uid=0 auid=4294967295 ses=4294967295 msg='unit=systemd-hostnamed comm="systemd" exe="/usr/lib/systemd/systemd" hostname=? addr=? terminal=? res=success'
[   97.443060] audit: type=1334 audit(1789784662.378:144): prog-id=76 op=UNLOAD
[  129.421157] kvm_intel: VMX not supported by CPU 1
[  131.128126] audit: type=1116 audit(1789784696.068:145): pid=1535 uid=0 auid=0 ses=1 msg='op=adding-group acct="rdma" exe="systemd-sysusers" hostname=? addr=? terminal=? res=success'
[  131.128131] audit: type=1116 audit(1789784696.068:146): pid=1535 uid=0 auid=0 ses=1 msg='op=adding-group acct="qemu" exe="systemd-sysusers" hostname=? addr=? terminal=? res=success'
[  131.128149] audit: type=1114 audit(1789784696.068:147): pid=1535 uid=0 auid=0 ses=1 msg='op=adding-user acct="qemu" exe="systemd-sysusers" hostname=? addr=? terminal=? res=success'
[  131.373937] audit: type=1334 audit(1789784696.314:148): prog-id=79 op=LOAD
[  131.373943] audit: type=1334 audit(1789784696.314:149): prog-id=54 op=UNLOAD
[  131.374840] audit: type=1334 audit(1789784696.314:150): prog-id=80 op=LOAD
[  131.374845] audit: type=1334 audit(1789784696.314:151): prog-id=43 op=UNLOAD
[  131.376017] audit: type=1334 audit(1789784696.316:152): prog-id=81 op=LOAD
[  131.376022] audit: type=1334 audit(1789784696.316:153): prog-id=55 op=UNLOAD
[  131.376336] audit: type=1334 audit(1789784696.316:154): prog-id=82 op=LOAD
[  133.398425] VFIO - User Level meta-driver version: 0.3
[  133.490904] Console: switching to colour dummy device 80x25
[  133.819135] vfio-pci 0000:07:00.0: vgaarb: deactivate vga console
[  133.819139] vfio-pci 0000:07:00.0: vgaarb: VGA decodes changed: olddecodes=io+mem,decodes=io+mem:owns=none
[  133.951276] snd_hda_intel 0000:07:00.1: GPU sound probed, but not operational: please add a quirk to driver_denylist
[  134.270623] vfio-pci 0000:07:00.0: resetting
[  134.377850] vfio-pci 0000:07:00.0: reset done
[  134.387066] vfio-pci 0000:07:00.0: resetting
[  134.489849] vfio-pci 0000:07:00.0: reset done
[  134.895217] kvm: kvm [1783]: vcpu0, guest rIP: 0xffffffffb953d3bf Unhandled WRMSR(0xc0010007) = 0xffff
[  494.371716] vfio-pci 0000:07:00.0: resetting
[  494.473206] vfio-pci 0000:07:00.0: reset done
[  494.483284] vfio-pci 0000:07:00.0: resetting
[  494.585204] vfio-pci 0000:07:00.0: reset done
[  903.306929] kauditd_printk_skb: 35 callbacks suppressed
[  903.306932] audit: type=1130 audit(1789785468.246:190): pid=1 uid=0 auid=4294967295 ses=4294967295 msg='unit=systemd-tmpfiles-clean comm="systemd" exe="/usr/lib/systemd/systemd" hostname=? addr=? terminal=? res=success'
[  903.306936] audit: type=1131 audit(1789785468.246:191): pid=1 uid=0 auid=4294967295 ses=4294967295 msg='unit=systemd-tmpfiles-clean comm="systemd" exe="/usr/lib/systemd/systemd" hostname=? addr=? terminal=? res=success'
