[   53.159223] snd_hda_codec_alc882 hdaudioC1D0:      Line=0x1a
[   53.159965] intel_rapl_common: Found RAPL domain package
[   53.159968] intel_rapl_common: Found RAPL domain core
[   53.171870] input: HD-Audio Generic Rear Mic as /devices/pci0000:00/0000:00:08.1/0000:09:00.4/sound/card1/input27
[   53.171940] input: HD-Audio Generic Front Mic as /devices/pci0000:00/0000:00:08.1/0000:09:00.4/sound/card1/input28
[   53.172001] input: HD-Audio Generic Line as /devices/pci0000:00/0000:00:08.1/0000:09:00.4/sound/card1/input29
[   53.172063] input: HD-Audio Generic Line Out Front as /devices/pci0000:00/0000:00:08.1/0000:09:00.4/sound/card1/input30
[   53.172122] input: HD-Audio Generic Line Out Surround as /devices/pci0000:00/0000:00:08.1/0000:09:00.4/sound/card1/input31
[   53.172178] input: HD-Audio Generic Line Out CLFE as /devices/pci0000:00/0000:00:08.1/0000:09:00.4/sound/card1/input32
[   53.172224] input: HD-Audio Generic Front Headphone as /devices/pci0000:00/0000:00:08.1/0000:09:00.4/sound/card1/input33
[   53.183298] mt7921e 0000:05:00.0: ASIC revision: 79610010
[   53.212316] amd_atl: AMD Address Translation Library initialized
[   53.288077] mt7921e 0000:05:00.0: HW/SW Version: 0x8a108a10, Build Time: 20260224110909a
[   53.299707] mt7921e 0000:05:00.0: WM Firmware Version: ____010000, Build Time: 20260224110949
[   53.305114] Bluetooth: hci0: Device setup in 222596 usecs
[   53.305118] Bluetooth: hci0: HCI Enhanced Setup Synchronous Connection command is advertised, but not supported.
[   53.352279] Realtek Internal NBASE-T PHY r8169-0-600:00: attached PHY driver (mii_bus:phy_addr=r8169-0-600:00, irq=MAC)
[   53.480476] usbcore: registered new interface driver snd-usb-audio
[   53.511413] r8169 0000:06:00.0 enp6s0: Link is Down
[   53.581982] Bluetooth: hci0: AOSP extensions version v1.00
[   53.581986] Bluetooth: hci0: AOSP quality report is supported
[   56.156649] NET: Registered PF_ALG protocol family
[   56.365917] kauditd_printk_skb: 137 callbacks suppressed
[   56.365920] audit: type=1130 audit(1789838416.257:89): pid=1 uid=0 auid=4294967295 ses=4294967295 msg='unit=iwd comm="systemd" exe="/usr/lib/systemd/systemd" hostname=? addr=? terminal=? res=success'
[   56.382364] audit: type=1130 audit(1789838416.274:90): pid=1 uid=0 auid=4294967295 ses=4294967295 msg='unit=sshdgenkeys comm="systemd" exe="/usr/lib/systemd/systemd" hostname=? addr=? terminal=? res=success'
[   56.382377] audit: type=1131 audit(1789838416.274:91): pid=1 uid=0 auid=4294967295 ses=4294967295 msg='unit=sshdgenkeys comm="systemd" exe="/usr/lib/systemd/systemd" hostname=? addr=? terminal=? res=success'
[   56.386334] r8169 0000:06:00.0 enp6s0: Link is Up - 1Gbps/Full - flow control rx/tx
[   56.401116] audit: type=1130 audit(1789838416.292:92): pid=1 uid=0 auid=4294967295 ses=4294967295 msg='unit=systemd-user-sessions comm="systemd" exe="/usr/lib/systemd/systemd" hostname=? addr=? terminal=? res=success'
[   56.402483] audit: type=1130 audit(1789838416.294:93): pid=1 uid=0 auid=4294967295 ses=4294967295 msg='unit=getty@tty1 comm="systemd" exe="/usr/lib/systemd/systemd" hostname=? addr=? terminal=? res=success'
[   56.420627] NET: Registered PF_QIPCRTR protocol family
[   56.421750] audit: type=1130 audit(1789838416.313:94): pid=1 uid=0 auid=4294967295 ses=4294967295 msg='unit=ModemManager comm="systemd" exe="/usr/lib/systemd/systemd" hostname=? addr=? terminal=? res=success'
[   56.490059] audit: type=1130 audit(1789838416.381:95): pid=1 uid=0 auid=4294967295 ses=4294967295 msg='unit=sshd comm="systemd" exe="/usr/lib/systemd/systemd" hostname=? addr=? terminal=? res=success'
[   59.126626] audit: type=1131 audit(1789838419.018:96): pid=1 uid=0 auid=4294967295 ses=4294967295 msg='unit=systemd-rfkill comm="systemd" exe="/usr/lib/systemd/systemd" hostname=? addr=? terminal=? res=success'
[   61.562670] audit: type=1101 audit(1789838421.454:97): pid=1052 uid=0 auid=4294967295 ses=4294967295 msg='op=PAM:accounting grantors=pam_access,pam_unix,pam_permit,pam_time acct="root" exe="/usr/bin/login" hostname=archiso addr=? terminal=/dev/tty1 res=success'
[   61.577223] audit: type=1103 audit(1789838421.468:98): pid=1052 uid=0 auid=4294967295 ses=4294967295 msg='op=PAM:setcred grantors=pam_shells,pam_faillock,pam_permit,pam_env,pam_faillock acct="root" exe="/usr/bin/login" hostname=archiso addr=? terminal=/dev/tty1 res=success'
[   61.577260] audit: type=1006 audit(1789838421.468:99): pid=1052 uid=0 old-auid=4294967295 auid=0 tty=tty1 old-ses=4294967295 ses=1 res=1
[   61.577264] audit: type=1300 audit(1789838421.468:99): arch=c000003e syscall=1 success=yes exit=1 a0=3 a1=7fff70987780 a2=1 a3=0 items=0 ppid=1 pid=1052 auid=0 uid=0 gid=0 euid=0 suid=0 fsuid=0 egid=0 sgid=0 fsgid=0 tty=tty1 ses=1 comm="login" exe="/usr/bin/login" key=(null)
[   61.577273] audit: type=1327 audit(1789838421.468:99): proctitle=2F62696E2F6C6F67696E002D66002D2D
[   61.655302] audit: type=1130 audit(1789838421.547:100): pid=1 uid=0 auid=4294967295 ses=4294967295 msg='unit=user-runtime-dir@0 comm="systemd" exe="/usr/lib/systemd/systemd" hostname=? addr=? terminal=? res=success'
[   61.687799] audit: type=1101 audit(1789838421.579:101): pid=1078 uid=0 auid=4294967295 ses=4294967295 msg='op=PAM:accounting grantors=pam_access,pam_unix,pam_permit,pam_time acct="root" exe="/usr/lib/systemd/systemd-executor" hostname=? addr=? terminal=? res=success'
[   61.687834] audit: type=1103 audit(1789838421.579:102): pid=1078 uid=0 auid=4294967295 ses=4294967295 msg='op=PAM:setcred grantors=? acct="root" exe="/usr/lib/systemd/systemd-executor" hostname=? addr=? terminal=? res=failed'
[   61.687892] audit: type=1006 audit(1789838421.579:103): pid=1078 uid=0 old-auid=4294967295 auid=0 tty=(none) old-ses=4294967295 ses=2 res=1
[   61.687899] audit: type=1300 audit(1789838421.579:103): arch=c000003e syscall=1 success=yes exit=1 a0=8 a1=7ffca2fb7390 a2=1 a3=0 items=0 ppid=1 pid=1078 auid=0 uid=0 gid=0 euid=0 suid=0 fsuid=0 egid=0 sgid=0 fsgid=0 tty=(none) ses=2 comm="(systemd)" exe="/usr/lib/systemd/systemd-executor" key=(null)
[   69.001207] kauditd_printk_skb: 95 callbacks suppressed
[   69.001210] audit: type=1334 audit(1789838428.892:138): prog-id=76 op=LOAD
[   69.001267] audit: type=1334 audit(1789838428.892:139): prog-id=77 op=LOAD
[   69.001340] audit: type=1334 audit(1789838428.893:140): prog-id=78 op=LOAD
[   69.060404] audit: type=1130 audit(1789838428.952:141): pid=1 uid=0 auid=4294967295 ses=4294967295 msg='unit=systemd-hostnamed comm="systemd" exe="/usr/lib/systemd/systemd" hostname=? addr=? terminal=? res=success'
[   69.064740] audit: type=1130 audit(1789838428.956:142): pid=1 uid=0 auid=4294967295 ses=4294967295 msg='unit=systemd-time-wait-sync comm="systemd" exe="/usr/lib/systemd/systemd" hostname=? addr=? terminal=? res=success'
[   75.185995] audit: type=1130 audit(1789838435.066:143): pid=1 uid=0 auid=4294967295 ses=4294967295 msg='unit=pacman-init comm="systemd" exe="/usr/lib/systemd/systemd" hostname=? addr=? terminal=? res=success'
[   93.468371] EXT4-fs (sda1): mounted filesystem c755cd27-d559-4e06-99d8-177e1a6b14b3 r/w with ordered data mode. Quota mode: none.
[   99.143990] audit: type=1131 audit(1789838459.003:144): pid=1 uid=0 auid=4294967295 ses=4294967295 msg='unit=systemd-hostnamed comm="systemd" exe="/usr/lib/systemd/systemd" hostname=? addr=? terminal=? res=success'
[   99.161021] audit: type=1334 audit(1789838459.020:145): prog-id=76 op=UNLOAD
[  128.440943] kvm_intel: VMX not supported by CPU 1
[  130.384618] audit: type=1116 audit(1789838490.239:146): pid=1541 uid=0 auid=0 ses=1 msg='op=adding-group acct="rdma" exe="systemd-sysusers" hostname=? addr=? terminal=? res=success'
[  130.384626] audit: type=1116 audit(1789838490.239:147): pid=1541 uid=0 auid=0 ses=1 msg='op=adding-group acct="qemu" exe="systemd-sysusers" hostname=? addr=? terminal=? res=success'
[  130.384630] audit: type=1114 audit(1789838490.239:148): pid=1541 uid=0 auid=0 ses=1 msg='op=adding-user acct="qemu" exe="systemd-sysusers" hostname=? addr=? terminal=? res=success'
[  130.627999] audit: type=1334 audit(1789838490.483:149): prog-id=79 op=LOAD
[  130.628005] audit: type=1334 audit(1789838490.483:150): prog-id=55 op=UNLOAD
[  130.630301] audit: type=1334 audit(1789838490.485:151): prog-id=80 op=LOAD
[  130.630307] audit: type=1334 audit(1789838490.485:152): prog-id=58 op=UNLOAD
[  130.630367] audit: type=1334 audit(1789838490.485:153): prog-id=81 op=LOAD
[  130.630430] audit: type=1334 audit(1789838490.485:154): prog-id=82 op=LOAD
[  130.630446] audit: type=1334 audit(1789838490.485:155): prog-id=59 op=UNLOAD
[  133.542828] VFIO - User Level meta-driver version: 0.3
[  133.628971] Console: switching to colour dummy device 80x25
[  133.946717] vfio-pci 0000:07:00.0: vgaarb: deactivate vga console
[  133.946721] vfio-pci 0000:07:00.0: vgaarb: VGA decodes changed: olddecodes=io+mem,decodes=io+mem:owns=none
[  134.022353] snd_hda_intel 0000:07:00.1: GPU sound probed, but not operational: please add a quirk to driver_denylist
[  134.355783] vfio-pci 0000:07:00.0: resetting
[  134.458126] vfio-pci 0000:07:00.0: reset done
[  134.466282] vfio-pci 0000:07:00.0: resetting
[  134.570501] vfio-pci 0000:07:00.0: reset done
[  494.497562] vfio-pci 0000:07:00.0: resetting
[  494.601803] vfio-pci 0000:07:00.0: reset done
[  494.611747] vfio-pci 0000:07:00.0: resetting
[  494.714130] vfio-pci 0000:07:00.0: reset done
[  909.104594] kauditd_printk_skb: 35 callbacks suppressed
[  909.104597] audit: type=1130 audit(1789839268.942:191): pid=1 uid=0 auid=4294967295 ses=4294967295 msg='unit=systemd-tmpfiles-clean comm="systemd" exe="/usr/lib/systemd/systemd" hostname=? addr=? terminal=? res=success'
[  909.104602] audit: type=1131 audit(1789839268.942:192): pid=1 uid=0 auid=4294967295 ses=4294967295 msg='unit=systemd-tmpfiles-clean comm="systemd" exe="/usr/lib/systemd/systemd" hostname=? addr=? terminal=? res=success'
