[   53.139970] intel_rapl_common: Found RAPL domain core
[   53.153261] Bluetooth: hci0: HW/SW Version: 0x008a008a, Build Time: 20260224111243
[   53.157528] snd_hda_codec_alc882 hdaudioC1D0: ALCS1200A: picked fixup  for PCI SSID 1043:8797
[   53.157532] snd_hda_codec_alc882 hdaudioC1D0: ALCS1200A: SKU not ready 0x00000000
[   53.158009] snd_hda_codec_alc882 hdaudioC1D0: autoconfig for ALCS1200A: line_outs=3 (0x14/0x15/0x16/0x0/0x0) type:line
[   53.158012] snd_hda_codec_alc882 hdaudioC1D0:    speaker_outs=0 (0x0/0x0/0x0/0x0/0x0)
[   53.158014] snd_hda_codec_alc882 hdaudioC1D0:    hp_outs=1 (0x1b/0x0/0x0/0x0/0x0)
[   53.158016] snd_hda_codec_alc882 hdaudioC1D0:    mono: mono_out=0x0
[   53.158017] snd_hda_codec_alc882 hdaudioC1D0:    dig-out=0x1e/0x0
[   53.158018] snd_hda_codec_alc882 hdaudioC1D0:    inputs:
[   53.158020] snd_hda_codec_alc882 hdaudioC1D0:      Rear Mic=0x18
[   53.158022] snd_hda_codec_alc882 hdaudioC1D0:      Front Mic=0x19
[   53.158023] snd_hda_codec_alc882 hdaudioC1D0:      Line=0x1a
[   53.170939] input: HD-Audio Generic Rear Mic as /devices/pci0000:00/0000:00:08.1/0000:09:00.4/sound/card1/input27
[   53.171001] input: HD-Audio Generic Front Mic as /devices/pci0000:00/0000:00:08.1/0000:09:00.4/sound/card1/input28
[   53.171053] input: HD-Audio Generic Line as /devices/pci0000:00/0000:00:08.1/0000:09:00.4/sound/card1/input29
[   53.171108] input: HD-Audio Generic Line Out Front as /devices/pci0000:00/0000:00:08.1/0000:09:00.4/sound/card1/input30
[   53.171161] input: HD-Audio Generic Line Out Surround as /devices/pci0000:00/0000:00:08.1/0000:09:00.4/sound/card1/input31
[   53.171216] input: HD-Audio Generic Line Out CLFE as /devices/pci0000:00/0000:00:08.1/0000:09:00.4/sound/card1/input32
[   53.171274] input: HD-Audio Generic Front Headphone as /devices/pci0000:00/0000:00:08.1/0000:09:00.4/sound/card1/input33
[   53.225659] mt7921e 0000:05:00.0: HW/SW Version: 0x8a108a10, Build Time: 20260224110909a
[   53.235433] r8169 0000:06:00.0 enp6s0: Link is Down
[   53.237187] mt7921e 0000:05:00.0: WM Firmware Version: ____010000, Build Time: 20260224110949
[   53.264799] amd_atl: AMD Address Translation Library initialized
[   53.337247] Bluetooth: hci0: Device setup in 227210 usecs
[   53.337252] Bluetooth: hci0: HCI Enhanced Setup Synchronous Connection command is advertised, but not supported.
[   53.436595] usbcore: registered new interface driver snd-usb-audio
[   53.615252] Bluetooth: hci0: AOSP extensions version v1.00
[   53.615261] Bluetooth: hci0: AOSP quality report is supported
[   56.109696] r8169 0000:06:00.0 enp6s0: Link is Up - 1Gbps/Full - flow control rx/tx
[   56.118908] NET: Registered PF_ALG protocol family
[   56.262739] kauditd_printk_skb: 139 callbacks suppressed
[   56.262742] audit: type=1130 audit(1789851403.151:91): pid=1 uid=0 auid=4294967295 ses=4294967295 msg='unit=iwd comm="systemd" exe="/usr/lib/systemd/systemd" hostname=? addr=? terminal=? res=success'
[   56.321644] audit: type=1130 audit(1789851403.210:92): pid=1 uid=0 auid=4294967295 ses=4294967295 msg='unit=systemd-user-sessions comm="systemd" exe="/usr/lib/systemd/systemd" hostname=? addr=? terminal=? res=success'
[   56.323119] audit: type=1130 audit(1789851403.211:93): pid=1 uid=0 auid=4294967295 ses=4294967295 msg='unit=getty@tty1 comm="systemd" exe="/usr/lib/systemd/systemd" hostname=? addr=? terminal=? res=success'
[   56.387467] audit: type=1130 audit(1789851403.276:94): pid=1 uid=0 auid=4294967295 ses=4294967295 msg='unit=sshd comm="systemd" exe="/usr/lib/systemd/systemd" hostname=? addr=? terminal=? res=success'
[   56.387975] NET: Registered PF_QIPCRTR protocol family
[   56.389002] audit: type=1130 audit(1789851403.277:95): pid=1 uid=0 auid=4294967295 ses=4294967295 msg='unit=ModemManager comm="systemd" exe="/usr/lib/systemd/systemd" hostname=? addr=? terminal=? res=success'
[   59.067408] audit: type=1131 audit(1789851405.956:96): pid=1 uid=0 auid=4294967295 ses=4294967295 msg='unit=systemd-rfkill comm="systemd" exe="/usr/lib/systemd/systemd" hostname=? addr=? terminal=? res=success'
[   61.499084] audit: type=1101 audit(1789851408.387:97): pid=1048 uid=0 auid=4294967295 ses=4294967295 msg='op=PAM:accounting grantors=pam_access,pam_unix,pam_permit,pam_time acct="root" exe="/usr/bin/login" hostname=archiso addr=? terminal=/dev/tty1 res=success'
[   61.513900] audit: type=1103 audit(1789851408.402:98): pid=1048 uid=0 auid=4294967295 ses=4294967295 msg='op=PAM:setcred grantors=pam_shells,pam_faillock,pam_permit,pam_env,pam_faillock acct="root" exe="/usr/bin/login" hostname=archiso addr=? terminal=/dev/tty1 res=success'
[   61.513928] audit: type=1006 audit(1789851408.402:99): pid=1048 uid=0 old-auid=4294967295 auid=0 tty=tty1 old-ses=4294967295 ses=1 res=1
[   61.513932] audit: type=1300 audit(1789851408.402:99): arch=c000003e syscall=1 success=yes exit=1 a0=3 a1=7fff4c7d19e0 a2=1 a3=0 items=0 ppid=1 pid=1048 auid=0 uid=0 gid=0 euid=0 suid=0 fsuid=0 egid=0 sgid=0 fsgid=0 tty=tty1 ses=1 comm="login" exe="/usr/bin/login" key=(null)
[   61.513935] audit: type=1327 audit(1789851408.402:99): proctitle=2F62696E2F6C6F67696E002D66002D2D
[   61.585442] audit: type=1130 audit(1789851408.474:100): pid=1 uid=0 auid=4294967295 ses=4294967295 msg='unit=user-runtime-dir@0 comm="systemd" exe="/usr/lib/systemd/systemd" hostname=? addr=? terminal=? res=success'
[   61.609638] audit: type=1101 audit(1789851408.498:101): pid=1076 uid=0 auid=4294967295 ses=4294967295 msg='op=PAM:accounting grantors=pam_access,pam_unix,pam_permit,pam_time acct="root" exe="/usr/lib/systemd/systemd-executor" hostname=? addr=? terminal=? res=success'
[   61.609656] audit: type=1103 audit(1789851408.498:102): pid=1076 uid=0 auid=4294967295 ses=4294967295 msg='op=PAM:setcred grantors=? acct="root" exe="/usr/lib/systemd/systemd-executor" hostname=? addr=? terminal=? res=failed'
[   61.609720] audit: type=1006 audit(1789851408.498:103): pid=1076 uid=0 old-auid=4294967295 auid=0 tty=(none) old-ses=4294967295 ses=2 res=1
[   61.609724] audit: type=1300 audit(1789851408.498:103): arch=c000003e syscall=1 success=yes exit=1 a0=8 a1=7ffceaf30070 a2=1 a3=0 items=0 ppid=1 pid=1076 auid=0 uid=0 gid=0 euid=0 suid=0 fsuid=0 egid=0 sgid=0 fsgid=0 tty=(none) ses=2 comm="(systemd)" exe="/usr/lib/systemd/systemd-executor" key=(null)
[   69.079493] kauditd_printk_skb: 95 callbacks suppressed
[   69.079497] audit: type=1334 audit(1789851415.968:138): prog-id=76 op=LOAD
[   69.079579] audit: type=1334 audit(1789851415.968:139): prog-id=77 op=LOAD
[   69.079661] audit: type=1334 audit(1789851415.968:140): prog-id=78 op=LOAD
[   69.128191] audit: type=1130 audit(1789851416.016:141): pid=1 uid=0 auid=4294967295 ses=4294967295 msg='unit=systemd-time-wait-sync comm="systemd" exe="/usr/lib/systemd/systemd" hostname=? addr=? terminal=? res=success'
[   69.148854] audit: type=1130 audit(1789851416.037:142): pid=1 uid=0 auid=4294967295 ses=4294967295 msg='unit=systemd-hostnamed comm="systemd" exe="/usr/lib/systemd/systemd" hostname=? addr=? terminal=? res=success'
[   73.188684] audit: type=1130 audit(1789851420.082:143): pid=1 uid=0 auid=4294967295 ses=4294967295 msg='unit=pacman-init comm="systemd" exe="/usr/lib/systemd/systemd" hostname=? addr=? terminal=? res=success'
[   82.038892] EXT4-fs (sda1): mounted filesystem c755cd27-d559-4e06-99d8-177e1a6b14b3 r/w with ordered data mode. Quota mode: none.
[   99.192335] audit: type=1131 audit(1789851446.103:144): pid=1 uid=0 auid=4294967295 ses=4294967295 msg='unit=systemd-hostnamed comm="systemd" exe="/usr/lib/systemd/systemd" hostname=? addr=? terminal=? res=success'
[   99.213020] audit: type=1334 audit(1789851446.124:145): prog-id=76 op=UNLOAD
[  121.285842] kvm_intel: VMX not supported by CPU 1
[  123.175682] audit: type=1116 audit(1789851470.089:146): pid=1540 uid=0 auid=0 ses=1 msg='op=adding-group acct="rdma" exe="systemd-sysusers" hostname=? addr=? terminal=? res=success'
[  123.175689] audit: type=1116 audit(1789851470.089:147): pid=1540 uid=0 auid=0 ses=1 msg='op=adding-group acct="qemu" exe="systemd-sysusers" hostname=? addr=? terminal=? res=success'
[  123.175710] audit: type=1114 audit(1789851470.089:148): pid=1540 uid=0 auid=0 ses=1 msg='op=adding-user acct="qemu" exe="systemd-sysusers" hostname=? addr=? terminal=? res=success'
[  123.434458] audit: type=1334 audit(1789851470.348:149): prog-id=79 op=LOAD
[  123.434464] audit: type=1334 audit(1789851470.348:150): prog-id=46 op=UNLOAD
[  123.437364] audit: type=1334 audit(1789851470.351:151): prog-id=80 op=LOAD
[  123.437370] audit: type=1334 audit(1789851470.351:152): prog-id=58 op=UNLOAD
[  123.437531] audit: type=1334 audit(1789851470.351:153): prog-id=81 op=LOAD
[  123.437536] audit: type=1334 audit(1789851470.351:154): prog-id=82 op=LOAD
[  123.437540] audit: type=1334 audit(1789851470.351:155): prog-id=59 op=UNLOAD
[  127.453015] VFIO - User Level meta-driver version: 0.3
[  127.540713] Console: switching to colour dummy device 80x25
[  127.852542] vfio-pci 0000:07:00.0: vgaarb: deactivate vga console
[  127.852546] vfio-pci 0000:07:00.0: vgaarb: VGA decodes changed: olddecodes=io+mem,decodes=io+mem:owns=none
[  127.929080] snd_hda_intel 0000:07:00.1: GPU sound probed, but not operational: please add a quirk to driver_denylist
[  128.272522] vfio-pci 0000:07:00.0: resetting
[  128.373676] vfio-pci 0000:07:00.0: reset done
[  128.380857] vfio-pci 0000:07:00.0: resetting
[  128.485682] vfio-pci 0000:07:00.0: reset done
[  128.891841] kvm: kvm [1836]: vcpu0, guest rIP: 0xffffffff9413d3bf Unhandled WRMSR(0xc0010007) = 0xffff
