=== VFIO flash session 2026-09-19T20:57:48+00:00 ===
[1/6] kvm + qemu + cpio
  ok
[2/6] building the minimal VM initramfs (busybox + nvflash)
  nvflash executable check: OK (NVIDIA Firmware Update Utility (Version 5.867.0))
  k4 nvflash executable check: OK
  ok (kernel: /run/archiso/airootfs/usr/lib/modules/7.2.2-arch1-1/vmlinuz)
[3/6] binding the GPU group to vfio-pci
  IOMMU group 16 members: 0000:07:00.0 0000:07:00.1 
  >>> the screen goes BLACK from here (the live console runs on this card) —
  >>> everything continues in /mnt/Reverse Engenering/gpu-lab/day0/vfio-flash-20260919-205748/session.log and the machine reboots itself at the end
  0000:07:00.0 -> vfio-pci
  0000:07:00.1 -> vfio-pci
  vfio node ready: /dev/vfio/16
[4/6] launching the VM with the GPU passed through (6 min max per attempt)
  attempt 1: KVM
VM exit: 0
[5/6] verdict + console tail + guest nvflash log
    Policy         Description
  ------------------------------
    TGP            Total GPU Power

    Attributes     Description
  ------------------------------
    limitRated  :  Default power capping limit (mW)
NVIDIA Firmware Update Utility (Version 5.792.0)
Copyright (C) 1993-2022, NVIDIA Corporation. All rights reserved.

Firmware image filename must have a valid extension. ( .rom .nvr .efr .efirom )


NVIDIA Firmware Update Utility (Version 5.867.0)
Copyright (C) 1993-2024, NVIDIA Corporation. All rights reserved.

NVIDIA display adapters present in system:
<0> Graphics Device      (10DE,2488,1462,3904) S:00,B:00,D:03,F:00
VM EXPLORATION DONE (read-only)
[   37.361229] reboot: Power down
  (chip-before.rom holds a REAL chip dump — the guest ran its session)

VERDICT: the VM did not reach the flash step — full console in /mnt/Reverse Engenering/gpu-lab/day0/vfio-flash-20260919-205748/vm-console.log
[6/6] done — logs + chip-before.rom saved on the data drive in /mnt/Reverse Engenering/gpu-lab/day0/vfio-flash-20260919-205748
      verdict lines are in /mnt/Reverse Engenering/gpu-lab/day0/vfio-flash-20260919-205748/session.log and /mnt/Reverse Engenering/gpu-lab/day0/vfio-flash-20260919-205748/vm-console.log
rebooting now — read the verdict on the data drive after Omarchy is back
