[   53.025391] snd_hda_codec_alc882 hdaudioC2D0:    speaker_outs=0 (0x0/0x0/0x0/0x0/0x0)
[   53.025394] snd_hda_codec_alc882 hdaudioC2D0:    hp_outs=1 (0x1b/0x0/0x0/0x0/0x0)
[   53.025396] snd_hda_codec_alc882 hdaudioC2D0:    mono: mono_out=0x0
[   53.025398] snd_hda_codec_alc882 hdaudioC2D0:    dig-out=0x1e/0x0
[   53.025400] snd_hda_codec_alc882 hdaudioC2D0:    inputs:
[   53.025402] snd_hda_codec_alc882 hdaudioC2D0:      Rear Mic=0x18
[   53.025405] snd_hda_codec_alc882 hdaudioC2D0:      Front Mic=0x19
[   53.025407] snd_hda_codec_alc882 hdaudioC2D0:      Line=0x1a
[   53.026060] amd_atl: AMD Address Translation Library initialized
[   53.031974] snd_hda_intel 0000:07:00.1: bound 0000:07:00.0 (ops nv50_audio_component_bind_ops [nouveau])
[   53.037234] input: HDA NVidia HDMI/DP,pcm=3 as /devices/pci0000:00/0000:00:03.1/0000:07:00.1/sound/card1/input23
[   53.037313] input: HDA NVidia HDMI/DP,pcm=7 as /devices/pci0000:00/0000:00:03.1/0000:07:00.1/sound/card1/input24
[   53.037365] input: HDA NVidia HDMI/DP,pcm=8 as /devices/pci0000:00/0000:00:03.1/0000:07:00.1/sound/card1/input25
[   53.037420] input: HDA NVidia HDMI/DP,pcm=9 as /devices/pci0000:00/0000:00:03.1/0000:07:00.1/sound/card1/input26
[   53.038525] input: HD-Audio Generic Rear Mic as /devices/pci0000:00/0000:00:08.1/0000:09:00.4/sound/card2/input27
[   53.038586] input: HD-Audio Generic Front Mic as /devices/pci0000:00/0000:00:08.1/0000:09:00.4/sound/card2/input28
[   53.038640] input: HD-Audio Generic Line as /devices/pci0000:00/0000:00:08.1/0000:09:00.4/sound/card2/input29
[   53.038691] input: HD-Audio Generic Line Out Front as /devices/pci0000:00/0000:00:08.1/0000:09:00.4/sound/card2/input30
[   53.041392] input: HD-Audio Generic Line Out Surround as /devices/pci0000:00/0000:00:08.1/0000:09:00.4/sound/card2/input31
[   53.041934] input: HD-Audio Generic Line Out CLFE as /devices/pci0000:00/0000:00:08.1/0000:09:00.4/sound/card2/input32
[   53.042638] input: HD-Audio Generic Front Headphone as /devices/pci0000:00/0000:00:08.1/0000:09:00.4/sound/card2/input33
[   53.059567] Bluetooth: hci0: Device setup in 225067 usecs
[   53.059571] Bluetooth: hci0: HCI Enhanced Setup Synchronous Connection command is advertised, but not supported.
[   53.121500] mt7921e 0000:05:00.0: HW/SW Version: 0x8a108a10, Build Time: 20260224110909a
[   53.135586] mt7921e 0000:05:00.0: WM Firmware Version: ____010000, Build Time: 20260224110949
[   53.140415] r8169 0000:06:00.0 enp6s0: Link is Down
[   53.253781] usbcore: registered new interface driver snd-usb-audio
[   53.337062] Bluetooth: hci0: AOSP extensions version v1.00
[   53.337066] Bluetooth: hci0: AOSP quality report is supported
[   55.995909] NET: Registered PF_ALG protocol family
[   56.062522] r8169 0000:06:00.0 enp6s0: Link is Up - 1Gbps/Full - flow control rx/tx
[   56.182243] kauditd_printk_skb: 140 callbacks suppressed
[   56.182246] audit: type=1130 audit(1789782591.093:92): pid=1 uid=0 auid=4294967295 ses=4294967295 msg='unit=iwd comm="systemd" exe="/usr/lib/systemd/systemd" hostname=? addr=? terminal=? res=success'
[   56.245798] audit: type=1130 audit(1789782591.157:93): pid=1 uid=0 auid=4294967295 ses=4294967295 msg='unit=systemd-user-sessions comm="systemd" exe="/usr/lib/systemd/systemd" hostname=? addr=? terminal=? res=success'
[   56.247057] audit: type=1130 audit(1789782591.158:94): pid=1 uid=0 auid=4294967295 ses=4294967295 msg='unit=getty@tty1 comm="systemd" exe="/usr/lib/systemd/systemd" hostname=? addr=? terminal=? res=success'
[   56.254482] NET: Registered PF_QIPCRTR protocol family
[   56.255298] audit: type=1130 audit(1789782591.167:95): pid=1 uid=0 auid=4294967295 ses=4294967295 msg='unit=ModemManager comm="systemd" exe="/usr/lib/systemd/systemd" hostname=? addr=? terminal=? res=success'
[   56.303972] audit: type=1130 audit(1789782591.215:96): pid=1 uid=0 auid=4294967295 ses=4294967295 msg='unit=sshd comm="systemd" exe="/usr/lib/systemd/systemd" hostname=? addr=? terminal=? res=success'
[   58.965227] audit: type=1131 audit(1789782593.876:97): pid=1 uid=0 auid=4294967295 ses=4294967295 msg='unit=systemd-rfkill comm="systemd" exe="/usr/lib/systemd/systemd" hostname=? addr=? terminal=? res=success'
[   61.410975] audit: type=1101 audit(1789782596.322:98): pid=1047 uid=0 auid=4294967295 ses=4294967295 msg='op=PAM:accounting grantors=pam_access,pam_unix,pam_permit,pam_time acct="root" exe="/usr/bin/login" hostname=archiso addr=? terminal=/dev/tty1 res=success'
[   61.426353] audit: type=1103 audit(1789782596.338:99): pid=1047 uid=0 auid=4294967295 ses=4294967295 msg='op=PAM:setcred grantors=pam_shells,pam_faillock,pam_permit,pam_env,pam_faillock acct="root" exe="/usr/bin/login" hostname=archiso addr=? terminal=/dev/tty1 res=success'
[   61.426397] audit: type=1006 audit(1789782596.338:100): pid=1047 uid=0 old-auid=4294967295 auid=0 tty=tty1 old-ses=4294967295 ses=1 res=1
[   61.426404] audit: type=1300 audit(1789782596.338:100): arch=c000003e syscall=1 success=yes exit=1 a0=3 a1=7fff0d84c570 a2=1 a3=0 items=0 ppid=1 pid=1047 auid=0 uid=0 gid=0 euid=0 suid=0 fsuid=0 egid=0 sgid=0 fsgid=0 tty=tty1 ses=1 comm="login" exe="/usr/bin/login" key=(null)
[   61.426410] audit: type=1327 audit(1789782596.338:100): proctitle=2F62696E2F6C6F67696E002D66002D2D
[   61.496191] audit: type=1130 audit(1789782596.407:101): pid=1 uid=0 auid=4294967295 ses=4294967295 msg='unit=user-runtime-dir@0 comm="systemd" exe="/usr/lib/systemd/systemd" hostname=? addr=? terminal=? res=success'
[   61.524964] audit: type=1101 audit(1789782596.436:102): pid=1075 uid=0 auid=4294967295 ses=4294967295 msg='op=PAM:accounting grantors=pam_access,pam_unix,pam_permit,pam_time acct="root" exe="/usr/lib/systemd/systemd-executor" hostname=? addr=? terminal=? res=success'
[   61.524990] audit: type=1103 audit(1789782596.436:103): pid=1075 uid=0 auid=4294967295 ses=4294967295 msg='op=PAM:setcred grantors=? acct="root" exe="/usr/lib/systemd/systemd-executor" hostname=? addr=? terminal=? res=failed'
[   61.525035] audit: type=1006 audit(1789782596.436:104): pid=1075 uid=0 old-auid=4294967295 auid=0 tty=(none) old-ses=4294967295 ses=2 res=1
[   61.525040] audit: type=1300 audit(1789782596.436:104): arch=c000003e syscall=1 success=yes exit=1 a0=8 a1=7ffc6cf9c820 a2=1 a3=0 items=0 ppid=1 pid=1075 auid=0 uid=0 gid=0 euid=0 suid=0 fsuid=0 egid=0 sgid=0 fsgid=0 tty=(none) ses=2 comm="(systemd)" exe="/usr/lib/systemd/systemd-executor" key=(null)
[   67.070282] kauditd_printk_skb: 95 callbacks suppressed
[   67.070287] audit: type=1334 audit(1789782601.981:139): prog-id=76 op=LOAD
[   67.070357] audit: type=1334 audit(1789782601.982:140): prog-id=77 op=LOAD
[   67.070408] audit: type=1334 audit(1789782601.982:141): prog-id=78 op=LOAD
[   67.126353] audit: type=1130 audit(1789782602.038:142): pid=1 uid=0 auid=4294967295 ses=4294967295 msg='unit=systemd-hostnamed comm="systemd" exe="/usr/lib/systemd/systemd" hostname=? addr=? terminal=? res=success'
[   67.131595] systemd-journald[721]: Time jumped backwards, rotating.
[   67.132530] audit: type=1130 audit(1789782601.286:143): pid=1 uid=0 auid=4294967295 ses=4294967295 msg='unit=systemd-time-wait-sync comm="systemd" exe="/usr/lib/systemd/systemd" hostname=? addr=? terminal=? res=success'
[   71.572505] audit: type=1130 audit(1789782605.726:144): pid=1 uid=0 auid=4294967295 ses=4294967295 msg='unit=pacman-init comm="systemd" exe="/usr/lib/systemd/systemd" hostname=? addr=? terminal=? res=success'
[   93.456718] logitech-hidpp-device 0003:046D:406C.000A: HID++ 4.2 device connected.
[   97.179507] audit: type=1131 audit(1789782631.333:145): pid=1 uid=0 auid=4294967295 ses=4294967295 msg='unit=systemd-hostnamed comm="systemd" exe="/usr/lib/systemd/systemd" hostname=? addr=? terminal=? res=success'
[   97.199312] audit: type=1334 audit(1789782631.353:146): prog-id=76 op=UNLOAD
[  103.043569] EXT4-fs (sda1): mounted filesystem c755cd27-d559-4e06-99d8-177e1a6b14b3 r/w with ordered data mode. Quota mode: none.
[  148.222527] kvm_intel: VMX not supported by CPU 1
[  150.064486] audit: type=1116 audit(1789782684.219:147): pid=1542 uid=0 auid=0 ses=1 msg='op=adding-group acct="rdma" exe="systemd-sysusers" hostname=? addr=? terminal=? res=success'
[  150.064493] audit: type=1116 audit(1789782684.219:148): pid=1542 uid=0 auid=0 ses=1 msg='op=adding-group acct="qemu" exe="systemd-sysusers" hostname=? addr=? terminal=? res=success'
[  150.064518] audit: type=1114 audit(1789782684.219:149): pid=1542 uid=0 auid=0 ses=1 msg='op=adding-user acct="qemu" exe="systemd-sysusers" hostname=? addr=? terminal=? res=success'
[  150.320774] audit: type=1334 audit(1789782684.475:150): prog-id=79 op=LOAD
[  150.320780] audit: type=1334 audit(1789782684.475:151): prog-id=58 op=UNLOAD
[  150.320860] audit: type=1334 audit(1789782684.475:152): prog-id=80 op=LOAD
[  150.320916] audit: type=1334 audit(1789782684.475:153): prog-id=81 op=LOAD
[  150.320925] audit: type=1334 audit(1789782684.475:154): prog-id=59 op=UNLOAD
[  150.320933] audit: type=1334 audit(1789782684.475:155): prog-id=60 op=UNLOAD
[  150.321925] audit: type=1334 audit(1789782684.476:156): prog-id=82 op=LOAD
[  152.365587] VFIO - User Level meta-driver version: 0.3
[  152.454108] Console: switching to colour dummy device 80x25
[  152.781532] vfio-pci 0000:07:00.0: vgaarb: deactivate vga console
[  152.781536] vfio-pci 0000:07:00.0: vgaarb: VGA decodes changed: olddecodes=io+mem,decodes=io+mem:owns=none
[  152.913487] snd_hda_intel 0000:07:00.1: GPU sound probed, but not operational: please add a quirk to driver_denylist
[  910.011355] kauditd_printk_skb: 35 callbacks suppressed
[  910.011358] audit: type=1130 audit(1789783444.159:192): pid=1 uid=0 auid=4294967295 ses=4294967295 msg='unit=systemd-tmpfiles-clean comm="systemd" exe="/usr/lib/systemd/systemd" hostname=? addr=? terminal=? res=success'
[  910.011363] audit: type=1131 audit(1789783444.159:193): pid=1 uid=0 auid=4294967295 ses=4294967295 msg='unit=systemd-tmpfiles-clean comm="systemd" exe="/usr/lib/systemd/systemd" hostname=? addr=? terminal=? res=success'
