=== VFIO flash session 2026-09-19T01:51:22+00:00 ===
[1/6] kvm + qemu + cpio
  ok
[2/6] building the minimal VM initramfs (busybox + nvflash)
  ok (kernel: /run/archiso/airootfs/usr/lib/modules/7.2.2-arch1-1/vmlinuz)
[3/6] binding the GPU group to vfio-pci
  IOMMU group 16 members: 0000:07:00.0 0000:07:00.1 
  >>> the screen goes BLACK from here (the live console runs on this card) —
  >>> everything continues in /mnt/Reverse Engenering/gpu-lab/day0/vfio-flash-20260919-015122/session.log and the machine reboots itself at the end
  0000:07:00.0 -> vfio-pci
  0000:07:00.1 -> vfio-pci
  vfio node ready: /dev/vfio/16
[4/6] launching the VM with the GPU passed through (6 min max per attempt)
  attempt 1: KVM
  KVM: no exit in 6 min — retry with TCG (no KVM) under strace (fallback + diagnostic)
VM exit: 124
[5/6] verdict + console tail
  (chip-before.rom is still all zeros — the guest never reached its flash stage)

VERDICT: the VM did not reach the flash step — full console in /mnt/Reverse Engenering/gpu-lab/day0/vfio-flash-20260919-015122/vm-console-tcg.log
[6/6] done — logs + chip-before.rom saved on the data drive in /mnt/Reverse Engenering/gpu-lab/day0/vfio-flash-20260919-015122
      verdict lines are in /mnt/Reverse Engenering/gpu-lab/day0/vfio-flash-20260919-015122/session.log and /mnt/Reverse Engenering/gpu-lab/day0/vfio-flash-20260919-015122/vm-console.log
rebooting now — read the verdict on the data drive after Omarchy is back
