[   52.989791] snd_hda_codec_alc882 hdaudioC1D0: ALCS1200A: SKU not ready 0x00000000
[   52.990263] snd_hda_codec_alc882 hdaudioC1D0: autoconfig for ALCS1200A: line_outs=3 (0x14/0x15/0x16/0x0/0x0) type:line
[   52.990267] snd_hda_codec_alc882 hdaudioC1D0:    speaker_outs=0 (0x0/0x0/0x0/0x0/0x0)
[   52.990275] snd_hda_codec_alc882 hdaudioC1D0:    hp_outs=1 (0x1b/0x0/0x0/0x0/0x0)
[   52.990278] snd_hda_codec_alc882 hdaudioC1D0:    mono: mono_out=0x0
[   52.990279] snd_hda_codec_alc882 hdaudioC1D0:    dig-out=0x1e/0x0
[   52.990281] snd_hda_codec_alc882 hdaudioC1D0:    inputs:
[   52.990283] snd_hda_codec_alc882 hdaudioC1D0:      Rear Mic=0x18
[   52.990285] snd_hda_codec_alc882 hdaudioC1D0:      Front Mic=0x19
[   52.990287] snd_hda_codec_alc882 hdaudioC1D0:      Line=0x1a
[   53.002627] input: HD-Audio Generic Rear Mic as /devices/pci0000:00/0000:00:08.1/0000:09:00.4/sound/card1/input27
[   53.002692] input: HD-Audio Generic Front Mic as /devices/pci0000:00/0000:00:08.1/0000:09:00.4/sound/card1/input28
[   53.002758] input: HD-Audio Generic Line as /devices/pci0000:00/0000:00:08.1/0000:09:00.4/sound/card1/input29
[   53.002831] input: HD-Audio Generic Line Out Front as /devices/pci0000:00/0000:00:08.1/0000:09:00.4/sound/card1/input30
[   53.002882] input: HD-Audio Generic Line Out Surround as /devices/pci0000:00/0000:00:08.1/0000:09:00.4/sound/card1/input31
[   53.002936] input: HD-Audio Generic Line Out CLFE as /devices/pci0000:00/0000:00:08.1/0000:09:00.4/sound/card1/input32
[   53.002979] input: HD-Audio Generic Front Headphone as /devices/pci0000:00/0000:00:08.1/0000:09:00.4/sound/card1/input33
[   53.064074] intel_rapl_common: Found RAPL domain package
[   53.064077] intel_rapl_common: Found RAPL domain core
[   53.093098] mt7921e 0000:05:00.0: enabling device (0000 -> 0002)
[   53.096833] amd_atl: AMD Address Translation Library initialized
[   53.126300] mt7921e 0000:05:00.0: ASIC revision: 79610010
[   53.135465] Bluetooth: hci0: Device setup in 253611 usecs
[   53.135469] Bluetooth: hci0: HCI Enhanced Setup Synchronous Connection command is advertised, but not supported.
[   53.214278] Realtek Internal NBASE-T PHY r8169-0-600:00: attached PHY driver (mii_bus:phy_addr=r8169-0-600:00, irq=MAC)
[   53.220545] mt7921e 0000:05:00.0: HW/SW Version: 0x8a108a10, Build Time: 20260224110909a
[   53.232409] mt7921e 0000:05:00.0: WM Firmware Version: ____010000, Build Time: 20260224110949
[   53.310494] usbcore: registered new interface driver snd-usb-audio
[   53.372414] r8169 0000:06:00.0 enp6s0: Link is Down
[   53.412334] Bluetooth: hci0: AOSP extensions version v1.00
[   53.412338] Bluetooth: hci0: AOSP quality report is supported
[   56.019457] NET: Registered PF_ALG protocol family
[   56.257641] r8169 0000:06:00.0 enp6s0: Link is Up - 1Gbps/Full - flow control rx/tx
[   56.299581] kauditd_printk_skb: 141 callbacks suppressed
[   56.299584] audit: type=1130 audit(1789846884.214:93): pid=1 uid=0 auid=4294967295 ses=4294967295 msg='unit=sshd comm="systemd" exe="/usr/lib/systemd/systemd" hostname=? addr=? terminal=? res=success'
[   56.313010] NET: Registered PF_QIPCRTR protocol family
[   56.313855] audit: type=1130 audit(1789846884.228:94): pid=1 uid=0 auid=4294967295 ses=4294967295 msg='unit=ModemManager comm="systemd" exe="/usr/lib/systemd/systemd" hostname=? addr=? terminal=? res=success'
[   59.062965] audit: type=1131 audit(1789846886.977:95): pid=1 uid=0 auid=4294967295 ses=4294967295 msg='unit=systemd-rfkill comm="systemd" exe="/usr/lib/systemd/systemd" hostname=? addr=? terminal=? res=success'
[   61.409523] audit: type=1101 audit(1789846889.324:96): pid=1043 uid=0 auid=4294967295 ses=4294967295 msg='op=PAM:accounting grantors=pam_access,pam_unix,pam_permit,pam_time acct="root" exe="/usr/bin/login" hostname=archiso addr=? terminal=/dev/tty1 res=success'
[   61.424333] audit: type=1103 audit(1789846889.339:97): pid=1043 uid=0 auid=4294967295 ses=4294967295 msg='op=PAM:setcred grantors=pam_shells,pam_faillock,pam_permit,pam_env,pam_faillock acct="root" exe="/usr/bin/login" hostname=archiso addr=? terminal=/dev/tty1 res=success'
[   61.424363] audit: type=1006 audit(1789846889.339:98): pid=1043 uid=0 old-auid=4294967295 auid=0 tty=tty1 old-ses=4294967295 ses=1 res=1
[   61.424366] audit: type=1300 audit(1789846889.339:98): arch=c000003e syscall=1 success=yes exit=1 a0=3 a1=7ffc6c135090 a2=1 a3=0 items=0 ppid=1 pid=1043 auid=0 uid=0 gid=0 euid=0 suid=0 fsuid=0 egid=0 sgid=0 fsgid=0 tty=tty1 ses=1 comm="login" exe="/usr/bin/login" key=(null)
[   61.424369] audit: type=1327 audit(1789846889.339:98): proctitle=2F62696E2F6C6F67696E002D66002D2D
[   61.504976] audit: type=1130 audit(1789846889.419:99): pid=1 uid=0 auid=4294967295 ses=4294967295 msg='unit=user-runtime-dir@0 comm="systemd" exe="/usr/lib/systemd/systemd" hostname=? addr=? terminal=? res=success'
[   61.536844] audit: type=1101 audit(1789846889.451:100): pid=1074 uid=0 auid=4294967295 ses=4294967295 msg='op=PAM:accounting grantors=pam_access,pam_unix,pam_permit,pam_time acct="root" exe="/usr/lib/systemd/systemd-executor" hostname=? addr=? terminal=? res=success'
[   61.536857] audit: type=1103 audit(1789846889.451:101): pid=1074 uid=0 auid=4294967295 ses=4294967295 msg='op=PAM:setcred grantors=? acct="root" exe="/usr/lib/systemd/systemd-executor" hostname=? addr=? terminal=? res=failed'
[   61.536899] audit: type=1006 audit(1789846889.451:102): pid=1074 uid=0 old-auid=4294967295 auid=0 tty=(none) old-ses=4294967295 ses=2 res=1
[   61.536902] audit: type=1300 audit(1789846889.451:102): arch=c000003e syscall=1 success=yes exit=1 a0=8 a1=7ffd31e00ff0 a2=1 a3=0 items=0 ppid=1 pid=1074 auid=0 uid=0 gid=0 euid=0 suid=0 fsuid=0 egid=0 sgid=0 fsgid=0 tty=(none) ses=2 comm="(systemd)" exe="/usr/lib/systemd/systemd-executor" key=(null)
[   69.003288] kauditd_printk_skb: 95 callbacks suppressed
[   69.003291] audit: type=1334 audit(1789846896.917:137): prog-id=76 op=LOAD
[   69.003374] audit: type=1334 audit(1789846896.918:138): prog-id=77 op=LOAD
[   69.003424] audit: type=1334 audit(1789846896.918:139): prog-id=78 op=LOAD
[   69.050734] audit: type=1130 audit(1789846897.480:140): pid=1 uid=0 auid=4294967295 ses=4294967295 msg='unit=systemd-time-wait-sync comm="systemd" exe="/usr/lib/systemd/systemd" hostname=? addr=? terminal=? res=success'
[   69.063203] audit: type=1130 audit(1789846897.492:141): pid=1 uid=0 auid=4294967295 ses=4294967295 msg='unit=systemd-hostnamed comm="systemd" exe="/usr/lib/systemd/systemd" hostname=? addr=? terminal=? res=success'
[   73.842589] audit: type=1130 audit(1789846902.272:142): pid=1 uid=0 auid=4294967295 ses=4294967295 msg='unit=pacman-init comm="systemd" exe="/usr/lib/systemd/systemd" hostname=? addr=? terminal=? res=success'
[   80.838215] EXT4-fs (sda1): mounted filesystem c755cd27-d559-4e06-99d8-177e1a6b14b3 r/w with ordered data mode. Quota mode: none.
[   84.404900] logitech-hidpp-device 0003:046D:406C.000A: HID++ 4.2 device connected.
[   99.088013] audit: type=1131 audit(1789846927.517:143): pid=1 uid=0 auid=4294967295 ses=4294967295 msg='unit=systemd-hostnamed comm="systemd" exe="/usr/lib/systemd/systemd" hostname=? addr=? terminal=? res=success'
[   99.105344] audit: type=1334 audit(1789846927.535:144): prog-id=76 op=UNLOAD
[  130.422525] kvm_intel: VMX not supported by CPU 17
[  132.662512] audit: type=1116 audit(1789846961.090:145): pid=1537 uid=0 auid=0 ses=1 msg='op=adding-group acct="rdma" exe="systemd-sysusers" hostname=? addr=? terminal=? res=success'
[  132.662519] audit: type=1116 audit(1789846961.090:146): pid=1537 uid=0 auid=0 ses=1 msg='op=adding-group acct="qemu" exe="systemd-sysusers" hostname=? addr=? terminal=? res=success'
[  132.662545] audit: type=1114 audit(1789846961.090:147): pid=1537 uid=0 auid=0 ses=1 msg='op=adding-user acct="qemu" exe="systemd-sysusers" hostname=? addr=? terminal=? res=success'
[  132.910440] audit: type=1334 audit(1789846961.338:148): prog-id=79 op=LOAD
[  132.910445] audit: type=1334 audit(1789846961.338:149): prog-id=21 op=UNLOAD
[  132.910512] audit: type=1334 audit(1789846961.338:150): prog-id=80 op=LOAD
[  132.910596] audit: type=1334 audit(1789846961.339:151): prog-id=81 op=LOAD
[  132.910611] audit: type=1334 audit(1789846961.339:152): prog-id=22 op=UNLOAD
[  132.910621] audit: type=1334 audit(1789846961.339:153): prog-id=23 op=UNLOAD
[  132.911216] audit: type=1334 audit(1789846961.339:154): prog-id=82 op=LOAD
[  136.956800] VFIO - User Level meta-driver version: 0.3
[  137.029700] Console: switching to colour dummy device 80x25
[  137.347522] vfio-pci 0000:07:00.0: vgaarb: deactivate vga console
[  137.347526] vfio-pci 0000:07:00.0: vgaarb: VGA decodes changed: olddecodes=io+mem,decodes=io+mem:owns=none
[  137.425049] snd_hda_intel 0000:07:00.1: GPU sound probed, but not operational: please add a quirk to driver_denylist
[  137.747753] vfio-pci 0000:07:00.0: resetting
[  137.854691] vfio-pci 0000:07:00.0: reset done
[  137.862045] vfio-pci 0000:07:00.0: resetting
[  137.967026] vfio-pci 0000:07:00.0: reset done
[  138.367787] kvm: kvm [1835]: vcpu0, guest rIP: 0xffffffffb293d3bf Unhandled WRMSR(0xc0010007) = 0xffff
