[   53.202972] snd_hda_codec_alc882 hdaudioC1D0:    dig-out=0x1e/0x0
[   53.202974] snd_hda_codec_alc882 hdaudioC1D0:    inputs:
[   53.202976] snd_hda_codec_alc882 hdaudioC1D0:      Rear Mic=0x18
[   53.202979] snd_hda_codec_alc882 hdaudioC1D0:      Front Mic=0x19
[   53.202981] snd_hda_codec_alc882 hdaudioC1D0:      Line=0x1a
[   53.209501] snd_hda_intel 0000:07:00.1: bound 0000:07:00.0 (ops nv50_audio_component_bind_ops [nouveau])
[   53.214279] input: HDA NVidia HDMI/DP,pcm=3 as /devices/pci0000:00/0000:00:03.1/0000:07:00.1/sound/card0/input23
[   53.214367] input: HDA NVidia HDMI/DP,pcm=7 as /devices/pci0000:00/0000:00:03.1/0000:07:00.1/sound/card0/input24
[   53.214435] input: HDA NVidia HDMI/DP,pcm=8 as /devices/pci0000:00/0000:00:03.1/0000:07:00.1/sound/card0/input25
[   53.214492] input: HDA NVidia HDMI/DP,pcm=9 as /devices/pci0000:00/0000:00:03.1/0000:07:00.1/sound/card0/input26
[   53.215280] input: HD-Audio Generic Rear Mic as /devices/pci0000:00/0000:00:08.1/0000:09:00.4/sound/card1/input27
[   53.215337] input: HD-Audio Generic Front Mic as /devices/pci0000:00/0000:00:08.1/0000:09:00.4/sound/card1/input28
[   53.215392] input: HD-Audio Generic Line as /devices/pci0000:00/0000:00:08.1/0000:09:00.4/sound/card1/input29
[   53.215440] input: HD-Audio Generic Line Out Front as /devices/pci0000:00/0000:00:08.1/0000:09:00.4/sound/card1/input30
[   53.215487] input: HD-Audio Generic Line Out Surround as /devices/pci0000:00/0000:00:08.1/0000:09:00.4/sound/card1/input31
[   53.215535] input: HD-Audio Generic Line Out CLFE as /devices/pci0000:00/0000:00:08.1/0000:09:00.4/sound/card1/input32
[   53.215591] input: HD-Audio Generic Front Headphone as /devices/pci0000:00/0000:00:08.1/0000:09:00.4/sound/card1/input33
[   53.220270] Realtek Internal NBASE-T PHY r8169-0-600:00: attached PHY driver (mii_bus:phy_addr=r8169-0-600:00, irq=MAC)
[   53.277710] mt7921e 0000:05:00.0: enabling device (0000 -> 0002)
[   53.320287] mt7921e 0000:05:00.0: ASIC revision: 79610010
[   53.329511] Bluetooth: hci0: Device setup in 218261 usecs
[   53.329514] Bluetooth: hci0: HCI Enhanced Setup Synchronous Connection command is advertised, but not supported.
[   53.380415] r8169 0000:06:00.0 enp6s0: Link is Down
[   53.414783] mt7921e 0000:05:00.0: HW/SW Version: 0x8a108a10, Build Time: 20260224110909a
[   53.426157] mt7921e 0000:05:00.0: WM Firmware Version: ____010000, Build Time: 20260224110949
[   53.515476] usbcore: registered new interface driver snd-usb-audio
[   53.611383] Bluetooth: hci0: AOSP extensions version v1.00
[   53.611386] Bluetooth: hci0: AOSP quality report is supported
[   56.189164] NET: Registered PF_ALG protocol family
[   56.350773] r8169 0000:06:00.0 enp6s0: Link is Up - 1Gbps/Full - flow control rx/tx
[   56.373196] kauditd_printk_skb: 140 callbacks suppressed
[   56.373199] audit: type=1130 audit(1789832826.283:92): pid=1 uid=0 auid=4294967295 ses=4294967295 msg='unit=iwd comm="systemd" exe="/usr/lib/systemd/systemd" hostname=? addr=? terminal=? res=success'
[   56.430065] audit: type=1130 audit(1789832826.340:93): pid=1 uid=0 auid=4294967295 ses=4294967295 msg='unit=systemd-user-sessions comm="systemd" exe="/usr/lib/systemd/systemd" hostname=? addr=? terminal=? res=success'
[   56.431497] audit: type=1130 audit(1789832826.342:94): pid=1 uid=0 auid=4294967295 ses=4294967295 msg='unit=getty@tty1 comm="systemd" exe="/usr/lib/systemd/systemd" hostname=? addr=? terminal=? res=success'
[   56.438146] NET: Registered PF_QIPCRTR protocol family
[   56.438993] audit: type=1130 audit(1789832826.349:95): pid=1 uid=0 auid=4294967295 ses=4294967295 msg='unit=ModemManager comm="systemd" exe="/usr/lib/systemd/systemd" hostname=? addr=? terminal=? res=success'
[   56.516922] audit: type=1130 audit(1789832826.427:96): pid=1 uid=0 auid=4294967295 ses=4294967295 msg='unit=sshd comm="systemd" exe="/usr/lib/systemd/systemd" hostname=? addr=? terminal=? res=success'
[   59.256308] audit: type=1131 audit(1789832829.167:97): pid=1 uid=0 auid=4294967295 ses=4294967295 msg='unit=systemd-rfkill comm="systemd" exe="/usr/lib/systemd/systemd" hostname=? addr=? terminal=? res=success'
[   61.588869] audit: type=1101 audit(1789832831.499:98): pid=1054 uid=0 auid=4294967295 ses=4294967295 msg='op=PAM:accounting grantors=pam_access,pam_unix,pam_permit,pam_time acct="root" exe="/usr/bin/login" hostname=archiso addr=? terminal=/dev/tty1 res=success'
[   61.603612] audit: type=1103 audit(1789832831.514:99): pid=1054 uid=0 auid=4294967295 ses=4294967295 msg='op=PAM:setcred grantors=pam_shells,pam_faillock,pam_permit,pam_env,pam_faillock acct="root" exe="/usr/bin/login" hostname=archiso addr=? terminal=/dev/tty1 res=success'
[   61.603654] audit: type=1006 audit(1789832831.514:100): pid=1054 uid=0 old-auid=4294967295 auid=0 tty=tty1 old-ses=4294967295 ses=1 res=1
[   61.603657] audit: type=1300 audit(1789832831.514:100): arch=c000003e syscall=1 success=yes exit=1 a0=3 a1=7ffdb286c9d0 a2=1 a3=0 items=0 ppid=1 pid=1054 auid=0 uid=0 gid=0 euid=0 suid=0 fsuid=0 egid=0 sgid=0 fsgid=0 tty=tty1 ses=1 comm="login" exe="/usr/bin/login" key=(null)
[   61.603660] audit: type=1327 audit(1789832831.514:100): proctitle=2F62696E2F6C6F67696E002D66002D2D
[   61.685064] audit: type=1130 audit(1789832831.595:101): pid=1 uid=0 auid=4294967295 ses=4294967295 msg='unit=user-runtime-dir@0 comm="systemd" exe="/usr/lib/systemd/systemd" hostname=? addr=? terminal=? res=success'
[   61.709221] audit: type=1101 audit(1789832831.619:102): pid=1081 uid=0 auid=4294967295 ses=4294967295 msg='op=PAM:accounting grantors=pam_access,pam_unix,pam_permit,pam_time acct="root" exe="/usr/lib/systemd/systemd-executor" hostname=? addr=? terminal=? res=success'
[   61.709246] audit: type=1103 audit(1789832831.619:103): pid=1081 uid=0 auid=4294967295 ses=4294967295 msg='op=PAM:setcred grantors=? acct="root" exe="/usr/lib/systemd/systemd-executor" hostname=? addr=? terminal=? res=failed'
[   61.709294] audit: type=1006 audit(1789832831.620:104): pid=1081 uid=0 old-auid=4294967295 auid=0 tty=(none) old-ses=4294967295 ses=2 res=1
[   61.709297] audit: type=1300 audit(1789832831.620:104): arch=c000003e syscall=1 success=yes exit=1 a0=8 a1=7ffde5756110 a2=1 a3=0 items=0 ppid=1 pid=1081 auid=0 uid=0 gid=0 euid=0 suid=0 fsuid=0 egid=0 sgid=0 fsgid=0 tty=(none) ses=2 comm="(systemd)" exe="/usr/lib/systemd/systemd-executor" key=(null)
[   69.189114] kauditd_printk_skb: 95 callbacks suppressed
[   69.189117] audit: type=1334 audit(1789832839.099:139): prog-id=76 op=LOAD
[   69.189171] audit: type=1334 audit(1789832839.099:140): prog-id=77 op=LOAD
[   69.189252] audit: type=1334 audit(1789832839.099:141): prog-id=78 op=LOAD
[   69.239158] audit: type=1130 audit(1789832839.149:142): pid=1 uid=0 auid=4294967295 ses=4294967295 msg='unit=systemd-time-wait-sync comm="systemd" exe="/usr/lib/systemd/systemd" hostname=? addr=? terminal=? res=success'
[   69.247402] audit: type=1130 audit(1789832839.158:143): pid=1 uid=0 auid=4294967295 ses=4294967295 msg='unit=systemd-hostnamed comm="systemd" exe="/usr/lib/systemd/systemd" hostname=? addr=? terminal=? res=success'
[   72.815681] audit: type=1130 audit(1789832842.805:144): pid=1 uid=0 auid=4294967295 ses=4294967295 msg='unit=pacman-init comm="systemd" exe="/usr/lib/systemd/systemd" hostname=? addr=? terminal=? res=success'
[   78.597623] logitech-hidpp-device 0003:046D:406C.000A: HID++ 4.2 device connected.
[   89.742733] EXT4-fs (sda1): mounted filesystem c755cd27-d559-4e06-99d8-177e1a6b14b3 r/w with ordered data mode. Quota mode: none.
[   99.049862] audit: type=1131 audit(1789832869.212:145): pid=1 uid=0 auid=4294967295 ses=4294967295 msg='unit=systemd-hostnamed comm="systemd" exe="/usr/lib/systemd/systemd" hostname=? addr=? terminal=? res=success'
[   99.068194] audit: type=1334 audit(1789832869.231:146): prog-id=76 op=UNLOAD
[  123.491848] kvm_intel: VMX not supported by CPU 1
[  125.329889] audit: type=1116 audit(1789832895.501:147): pid=1544 uid=0 auid=0 ses=1 msg='op=adding-group acct="rdma" exe="systemd-sysusers" hostname=? addr=? terminal=? res=success'
[  125.329896] audit: type=1116 audit(1789832895.501:148): pid=1544 uid=0 auid=0 ses=1 msg='op=adding-group acct="qemu" exe="systemd-sysusers" hostname=? addr=? terminal=? res=success'
[  125.329921] audit: type=1114 audit(1789832895.501:149): pid=1544 uid=0 auid=0 ses=1 msg='op=adding-user acct="qemu" exe="systemd-sysusers" hostname=? addr=? terminal=? res=success'
[  125.567586] audit: type=1334 audit(1789832895.739:150): prog-id=79 op=LOAD
[  125.567594] audit: type=1334 audit(1789832895.739:151): prog-id=54 op=UNLOAD
[  125.569052] audit: type=1334 audit(1789832895.740:152): prog-id=80 op=LOAD
[  125.569059] audit: type=1334 audit(1789832895.740:153): prog-id=21 op=UNLOAD
[  125.569128] audit: type=1334 audit(1789832895.741:154): prog-id=81 op=LOAD
[  125.569192] audit: type=1334 audit(1789832895.741:155): prog-id=82 op=LOAD
[  125.569206] audit: type=1334 audit(1789832895.741:156): prog-id=22 op=UNLOAD
[  129.562027] VFIO - User Level meta-driver version: 0.3
[  129.651604] Console: switching to colour dummy device 80x25
[  129.962747] vfio-pci 0000:07:00.0: vgaarb: deactivate vga console
[  129.962752] vfio-pci 0000:07:00.0: vgaarb: VGA decodes changed: olddecodes=io+mem,decodes=io+mem:owns=none
[  130.047058] snd_hda_intel 0000:07:00.1: GPU sound probed, but not operational: please add a quirk to driver_denylist
[  130.370780] vfio-pci 0000:07:00.0: resetting
[  130.472465] vfio-pci 0000:07:00.0: reset done
[  130.484155] vfio-pci 0000:07:00.0: resetting
[  130.584460] vfio-pci 0000:07:00.0: reset done
[  130.983739] kvm: kvm [1824]: vcpu0, guest rIP: 0xffffffff8633d3bf Unhandled WRMSR(0xc0010007) = 0xffff
