[   53.094160] input: HDA NVidia HDMI/DP,pcm=3 as /devices/pci0000:00/0000:00:03.1/0000:07:00.1/sound/card0/input23
[   53.094224] input: HDA NVidia HDMI/DP,pcm=7 as /devices/pci0000:00/0000:00:03.1/0000:07:00.1/sound/card0/input24
[   53.094281] input: HDA NVidia HDMI/DP,pcm=8 as /devices/pci0000:00/0000:00:03.1/0000:07:00.1/sound/card0/input25
[   53.094347] input: HDA NVidia HDMI/DP,pcm=9 as /devices/pci0000:00/0000:00:03.1/0000:07:00.1/sound/card0/input26
[   53.097384] input: HD-Audio Generic Rear Mic as /devices/pci0000:00/0000:00:08.1/0000:09:00.4/sound/card2/input27
[   53.097496] input: HD-Audio Generic Front Mic as /devices/pci0000:00/0000:00:08.1/0000:09:00.4/sound/card2/input28
[   53.097590] input: HD-Audio Generic Line as /devices/pci0000:00/0000:00:08.1/0000:09:00.4/sound/card2/input29
[   53.097685] input: HD-Audio Generic Line Out Front as /devices/pci0000:00/0000:00:08.1/0000:09:00.4/sound/card2/input30
[   53.097779] input: HD-Audio Generic Line Out Surround as /devices/pci0000:00/0000:00:08.1/0000:09:00.4/sound/card2/input31
[   53.097858] input: HD-Audio Generic Line Out CLFE as /devices/pci0000:00/0000:00:08.1/0000:09:00.4/sound/card2/input32
[   53.097939] input: HD-Audio Generic Front Headphone as /devices/pci0000:00/0000:00:08.1/0000:09:00.4/sound/card2/input33
[   53.110205] mt7921e 0000:05:00.0: enabling device (0000 -> 0002)
[   53.112369] amd_atl: AMD Address Translation Library initialized
[   53.153297] mt7921e 0000:05:00.0: ASIC revision: 79610010
[   53.179987] Bluetooth: hci0: Device setup in 257974 usecs
[   53.179990] Bluetooth: hci0: HCI Enhanced Setup Synchronous Connection command is advertised, but not supported.
[   53.214430] r8169 0000:06:00.0 enp6s0: Link is Down
[   53.247758] mt7921e 0000:05:00.0: HW/SW Version: 0x8a108a10, Build Time: 20260224110909a
[   53.259221] mt7921e 0000:05:00.0: WM Firmware Version: ____010000, Build Time: 20260224110949
[   53.366176] usbcore: registered new interface driver snd-usb-audio
[   53.460856] Bluetooth: hci0: AOSP extensions version v1.00
[   53.460860] Bluetooth: hci0: AOSP quality report is supported
[   56.044841] NET: Registered PF_ALG protocol family
[   56.087826] r8169 0000:06:00.0 enp6s0: Link is Up - 1Gbps/Full - flow control rx/tx
[   56.248446] kauditd_printk_skb: 140 callbacks suppressed
[   56.248448] audit: type=1130 audit(1789788219.166:92): pid=1 uid=0 auid=4294967295 ses=4294967295 msg='unit=systemd-user-sessions comm="systemd" exe="/usr/lib/systemd/systemd" hostname=? addr=? terminal=? res=success'
[   56.250126] audit: type=1130 audit(1789788219.167:93): pid=1 uid=0 auid=4294967295 ses=4294967295 msg='unit=getty@tty1 comm="systemd" exe="/usr/lib/systemd/systemd" hostname=? addr=? terminal=? res=success'
[   56.313393] NET: Registered PF_QIPCRTR protocol family
[   56.314278] audit: type=1130 audit(1789788219.231:94): pid=1 uid=0 auid=4294967295 ses=4294967295 msg='unit=ModemManager comm="systemd" exe="/usr/lib/systemd/systemd" hostname=? addr=? terminal=? res=success'
[   56.326821] audit: type=1130 audit(1789788219.244:95): pid=1 uid=0 auid=4294967295 ses=4294967295 msg='unit=sshd comm="systemd" exe="/usr/lib/systemd/systemd" hostname=? addr=? terminal=? res=success'
[   59.087735] audit: type=1131 audit(1789788222.005:96): pid=1 uid=0 auid=4294967295 ses=4294967295 msg='unit=systemd-rfkill comm="systemd" exe="/usr/lib/systemd/systemd" hostname=? addr=? terminal=? res=success'
[   61.425049] audit: type=1101 audit(1789788224.342:97): pid=1048 uid=0 auid=4294967295 ses=4294967295 msg='op=PAM:accounting grantors=pam_access,pam_unix,pam_permit,pam_time acct="root" exe="/usr/bin/login" hostname=archiso addr=? terminal=/dev/tty1 res=success'
[   61.440055] audit: type=1103 audit(1789788224.357:98): pid=1048 uid=0 auid=4294967295 ses=4294967295 msg='op=PAM:setcred grantors=pam_shells,pam_faillock,pam_permit,pam_env,pam_faillock acct="root" exe="/usr/bin/login" hostname=archiso addr=? terminal=/dev/tty1 res=success'
[   61.440060] audit: type=1006 audit(1789788224.357:99): pid=1048 uid=0 old-auid=4294967295 auid=0 tty=tty1 old-ses=4294967295 ses=1 res=1
[   61.440063] audit: type=1300 audit(1789788224.357:99): arch=c000003e syscall=1 success=yes exit=1 a0=3 a1=7fffd046bc50 a2=1 a3=0 items=0 ppid=1 pid=1048 auid=0 uid=0 gid=0 euid=0 suid=0 fsuid=0 egid=0 sgid=0 fsgid=0 tty=tty1 ses=1 comm="login" exe="/usr/bin/login" key=(null)
[   61.440066] audit: type=1327 audit(1789788224.357:99): proctitle=2F62696E2F6C6F67696E002D66002D2D
[   61.517823] audit: type=1130 audit(1789788224.435:100): pid=1 uid=0 auid=4294967295 ses=4294967295 msg='unit=user-runtime-dir@0 comm="systemd" exe="/usr/lib/systemd/systemd" hostname=? addr=? terminal=? res=success'
[   61.545749] audit: type=1101 audit(1789788224.463:101): pid=1076 uid=0 auid=4294967295 ses=4294967295 msg='op=PAM:accounting grantors=pam_access,pam_unix,pam_permit,pam_time acct="root" exe="/usr/lib/systemd/systemd-executor" hostname=? addr=? terminal=? res=success'
[   61.545784] audit: type=1103 audit(1789788224.463:102): pid=1076 uid=0 auid=4294967295 ses=4294967295 msg='op=PAM:setcred grantors=? acct="root" exe="/usr/lib/systemd/systemd-executor" hostname=? addr=? terminal=? res=failed'
[   61.545837] audit: type=1006 audit(1789788224.463:103): pid=1076 uid=0 old-auid=4294967295 auid=0 tty=(none) old-ses=4294967295 ses=2 res=1
[   61.545841] audit: type=1300 audit(1789788224.463:103): arch=c000003e syscall=1 success=yes exit=1 a0=8 a1=7fffae951010 a2=1 a3=0 items=0 ppid=1 pid=1076 auid=0 uid=0 gid=0 euid=0 suid=0 fsuid=0 egid=0 sgid=0 fsgid=0 tty=(none) ses=2 comm="(systemd)" exe="/usr/lib/systemd/systemd-executor" key=(null)
[   67.832374] kauditd_printk_skb: 95 callbacks suppressed
[   67.832377] audit: type=1334 audit(1789788230.750:138): prog-id=76 op=LOAD
[   67.832511] audit: type=1334 audit(1789788230.750:139): prog-id=77 op=LOAD
[   67.832607] audit: type=1334 audit(1789788230.750:140): prog-id=78 op=LOAD
[   67.868783] systemd-journald[718]: Time jumped backwards, rotating.
[   67.869274] audit: type=1130 audit(1789788230.322:141): pid=1 uid=0 auid=4294967295 ses=4294967295 msg='unit=systemd-time-wait-sync comm="systemd" exe="/usr/lib/systemd/systemd" hostname=? addr=? terminal=? res=success'
[   67.889406] audit: type=1130 audit(1789788230.342:142): pid=1 uid=0 auid=4294967295 ses=4294967295 msg='unit=systemd-hostnamed comm="systemd" exe="/usr/lib/systemd/systemd" hostname=? addr=? terminal=? res=success'
[   71.410557] audit: type=1130 audit(1789788233.863:143): pid=1 uid=0 auid=4294967295 ses=4294967295 msg='unit=pacman-init comm="systemd" exe="/usr/lib/systemd/systemd" hostname=? addr=? terminal=? res=success'
[   82.424055] EXT4-fs (sda1): mounted filesystem c755cd27-d559-4e06-99d8-177e1a6b14b3 r/w with ordered data mode. Quota mode: none.
[   97.953932] audit: type=1131 audit(1789788260.406:144): pid=1 uid=0 auid=4294967295 ses=4294967295 msg='unit=systemd-hostnamed comm="systemd" exe="/usr/lib/systemd/systemd" hostname=? addr=? terminal=? res=success'
[   97.971352] audit: type=1334 audit(1789788260.424:145): prog-id=76 op=UNLOAD
[  127.364890] kvm_intel: VMX not supported by CPU 12
[  129.126719] audit: type=1116 audit(1789788291.580:146): pid=1538 uid=0 auid=0 ses=1 msg='op=adding-group acct="rdma" exe="systemd-sysusers" hostname=? addr=? terminal=? res=success'
[  129.126725] audit: type=1116 audit(1789788291.580:147): pid=1538 uid=0 auid=0 ses=1 msg='op=adding-group acct="qemu" exe="systemd-sysusers" hostname=? addr=? terminal=? res=success'
[  129.126744] audit: type=1114 audit(1789788291.580:148): pid=1538 uid=0 auid=0 ses=1 msg='op=adding-user acct="qemu" exe="systemd-sysusers" hostname=? addr=? terminal=? res=success'
[  129.383019] audit: type=1334 audit(1789788291.836:149): prog-id=79 op=LOAD
[  129.383024] audit: type=1334 audit(1789788291.836:150): prog-id=58 op=UNLOAD
[  129.383090] audit: type=1334 audit(1789788291.836:151): prog-id=80 op=LOAD
[  129.383175] audit: type=1334 audit(1789788291.836:152): prog-id=81 op=LOAD
[  129.383180] audit: type=1334 audit(1789788291.836:153): prog-id=59 op=UNLOAD
[  129.383184] audit: type=1334 audit(1789788291.836:154): prog-id=60 op=UNLOAD
[  129.384180] audit: type=1334 audit(1789788291.837:155): prog-id=82 op=LOAD
[  136.113819] VFIO - User Level meta-driver version: 0.3
[  136.195380] Console: switching to colour dummy device 80x25
[  136.513729] vfio-pci 0000:07:00.0: vgaarb: deactivate vga console
[  136.513733] vfio-pci 0000:07:00.0: vgaarb: VGA decodes changed: olddecodes=io+mem,decodes=io+mem:owns=none
[  136.650791] snd_hda_intel 0000:07:00.1: GPU sound probed, but not operational: please add a quirk to driver_denylist
[  136.972061] vfio-pci 0000:07:00.0: resetting
[  137.078344] vfio-pci 0000:07:00.0: reset done
[  137.089925] vfio-pci 0000:07:00.0: resetting
[  137.190341] vfio-pci 0000:07:00.0: reset done
[  137.594946] kvm: kvm [1822]: vcpu0, guest rIP: 0xffffffffa8b3d3bf Unhandled WRMSR(0xc0010007) = 0xffff
[  497.094433] vfio-pci 0000:07:00.0: resetting
[  497.195377] vfio-pci 0000:07:00.0: reset done
[  497.205386] vfio-pci 0000:07:00.0: resetting
[  497.307378] vfio-pci 0000:07:00.0: reset done
[  908.495278] kauditd_printk_skb: 35 callbacks suppressed
[  908.495281] audit: type=1130 audit(1789789070.940:191): pid=1 uid=0 auid=4294967295 ses=4294967295 msg='unit=systemd-tmpfiles-clean comm="systemd" exe="/usr/lib/systemd/systemd" hostname=? addr=? terminal=? res=success'
[  908.495286] audit: type=1131 audit(1789789070.940:192): pid=1 uid=0 auid=4294967295 ses=4294967295 msg='unit=systemd-tmpfiles-clean comm="systemd" exe="/usr/lib/systemd/systemd" hostname=? addr=? terminal=? res=success'
